=== grok_4_20 | run_id=run_20260521 ===
>>> regime=vanilla  sample=0  22:25:02Z

============================================================
  Model:   grok_4_20 (xai/grok-4.20-reasoning)
  Regime:  vanilla  |  Sample: 0  |  Run: run_20260521
  Output:  /home/satvik/Documents/CIKM/runs/run_20260521/responses/grok_4_20_vanilla_sample0_responses.jsonl
============================================================
  Resuming: 140 (prompt_id, sample_idx) pairs already written.
  ✔ Nothing left to generate for this (model, regime, sample).
>>> regime=vanilla  sample=1  22:25:03Z

============================================================
  Model:   grok_4_20 (xai/grok-4.20-reasoning)
  Regime:  vanilla  |  Sample: 1  |  Run: run_20260521
  Output:  /home/satvik/Documents/CIKM/runs/run_20260521/responses/grok_4_20_vanilla_sample1_responses.jsonl
============================================================
  Resuming: 139 (prompt_id, sample_idx) pairs already written.
  Remaining: 1 prompts
  Progress: 1/1 | Rate: 0.04/s | ETA: 0.0m

✔ Done. 1 responses in 22.9s (0.04/s)
>>> regime=vanilla  sample=2  22:25:27Z

============================================================
  Model:   grok_4_20 (xai/grok-4.20-reasoning)
  Regime:  vanilla  |  Sample: 2  |  Run: run_20260521
  Output:  /home/satvik/Documents/CIKM/runs/run_20260521/responses/grok_4_20_vanilla_sample2_responses.jsonl
============================================================
  Resuming: 31 (prompt_id, sample_idx) pairs already written.
  Remaining: 109 prompts
  Progress: 1/109 | Rate: 0.03/s | ETA: 53.7m
  Progress: 2/109 | Rate: 0.03/s | ETA: 51.2m
  Progress: 3/109 | Rate: 0.05/s | ETA: 38.3m
  Progress: 4/109 | Rate: 0.05/s | ETA: 35.6m
  Progress: 5/109 | Rate: 0.05/s | ETA: 36.3m
  Progress: 6/109 | Rate: 0.05/s | ETA: 34.2m
  Progress: 7/109 | Rate: 0.05/s | ETA: 36.8m
  Progress: 8/109 | Rate: 0.04/s | ETA: 38.5m
  Progress: 9/109 | Rate: 0.04/s | ETA: 38.3m
  Progress: 10/109 | Rate: 0.04/s | ETA: 38.6m
  Progress: 11/109 | Rate: 0.04/s | ETA: 40.2m
  Progress: 12/109 | Rate: 0.04/s | ETA: 39.8m
  Progress: 13/109 | Rate: 0.04/s | ETA: 40.3m
  Progress: 14/109 | Rate: 0.04/s | ETA: 41.1m
  Progress: 15/109 | Rate: 0.04/s | ETA: 41.4m
  Progress: 16/109 | Rate: 0.04/s | ETA: 41.2m
  Progress: 17/109 | Rate: 0.04/s | ETA: 40.9m
  Progress: 18/109 | Rate: 0.04/s | ETA: 40.7m
  Progress: 19/109 | Rate: 0.04/s | ETA: 41.3m
  Progress: 20/109 | Rate: 0.04/s | ETA: 39.8m
  Progress: 21/109 | Rate: 0.04/s | ETA: 38.4m
  Progress: 22/109 | Rate: 0.04/s | ETA: 37.8m
  Progress: 23/109 | Rate: 0.04/s | ETA: 36.6m
  Progress: 24/109 | Rate: 0.04/s | ETA: 35.7m
  Progress: 25/109 | Rate: 0.04/s | ETA: 34.9m
  Progress: 26/109 | Rate: 0.04/s | ETA: 34.7m
  [cat6_orig_008] [Attempt 1] HTTP 429: [{
  "error": {
    "code": 429,
    "message": "The request is throttled due to too many concurrent requests.",
    "st — waiting 60s
  Progress: 27/109 | Rate: 0.04/s | ETA: 37.0m
  [cat6_orig_009] [Attempt 1] HTTP 429: [{
  "error": {
    "code": 429,
    "message": "The request is throttled due to too many concurrent requests.",
    "st — waiting 60s
  Progress: 28/109 | Rate: 0.04/s | ETA: 38.6m
  Progress: 29/109 | Rate: 0.04/s | ETA: 37.9m
  Progress: 30/109 | Rate: 0.04/s | ETA: 36.8m
  [cat7_orig_002] [Attempt 1] HTTP 429: [{
  "error": {
    "code": 429,
    "message": "The request is throttled due to too many concurrent requests.",
    "st — waiting 60s
  [cat7_orig_002] [Attempt 2] HTTP 429: [{
  "error": {
    "code": 429,
    "message": "The request is throttled due to too many concurrent requests.",
    "st — waiting 60s
  Progress: 31/109 | Rate: 0.03/s | ETA: 41.1m
  Progress: 32/109 | Rate: 0.03/s | ETA: 40.1m
  Progress: 33/109 | Rate: 0.03/s | ETA: 39.2m
  Progress: 34/109 | Rate: 0.03/s | ETA: 38.0m
  Progress: 35/109 | Rate: 0.03/s | ETA: 37.2m
  Progress: 36/109 | Rate: 0.03/s | ETA: 36.3m
  Progress: 37/109 | Rate: 0.03/s | ETA: 35.3m
  Progress: 38/109 | Rate: 0.03/s | ETA: 34.2m
  Progress: 39/109 | Rate: 0.04/s | ETA: 33.2m
  Progress: 40/109 | Rate: 0.04/s | ETA: 32.6m
  Progress: 41/109 | Rate: 0.04/s | ETA: 32.1m
  Progress: 42/109 | Rate: 0.04/s | ETA: 31.7m
  Progress: 43/109 | Rate: 0.03/s | ETA: 31.4m
  Progress: 44/109 | Rate: 0.04/s | ETA: 30.8m
  Progress: 45/109 | Rate: 0.04/s | ETA: 30.2m
  Progress: 46/109 | Rate: 0.04/s | ETA: 29.6m
  Progress: 47/109 | Rate: 0.04/s | ETA: 29.0m
  Progress: 48/109 | Rate: 0.04/s | ETA: 28.3m
  Progress: 49/109 | Rate: 0.04/s | ETA: 27.6m
  Progress: 50/109 | Rate: 0.04/s | ETA: 27.0m
  Progress: 51/109 | Rate: 0.04/s | ETA: 26.5m
  Progress: 52/109 | Rate: 0.04/s | ETA: 25.9m
  Progress: 53/109 | Rate: 0.04/s | ETA: 25.4m
  Progress: 54/109 | Rate: 0.04/s | ETA: 25.0m
  Progress: 55/109 | Rate: 0.04/s | ETA: 24.4m
  Progress: 56/109 | Rate: 0.04/s | ETA: 23.9m
  Progress: 57/109 | Rate: 0.04/s | ETA: 23.3m
  Progress: 58/109 | Rate: 0.04/s | ETA: 22.7m
  Progress: 59/109 | Rate: 0.04/s | ETA: 22.2m
  Progress: 60/109 | Rate: 0.04/s | ETA: 21.6m
  Progress: 61/109 | Rate: 0.04/s | ETA: 21.0m
  Progress: 62/109 | Rate: 0.04/s | ETA: 20.6m
  Progress: 63/109 | Rate: 0.04/s | ETA: 20.0m
  Progress: 64/109 | Rate: 0.04/s | ETA: 19.5m
  [cat3_real_001] [Attempt 1] HTTP 429: [{
  "error": {
    "code": 429,
    "message": "The request is throttled due to too many concurrent requests.",
    "st — waiting 60s
  Progress: 65/109 | Rate: 0.04/s | ETA: 19.6m
  Progress: 66/109 | Rate: 0.04/s | ETA: 19.1m
  Progress: 67/109 | Rate: 0.04/s | ETA: 18.5m
  [cat3_real_004] [Attempt 1] HTTP 429: [{
  "error": {
    "code": 429,
    "message": "The request is throttled due to too many concurrent requests.",
    "st — waiting 60s
  Progress: 68/109 | Rate: 0.04/s | ETA: 18.6m
  Progress: 69/109 | Rate: 0.04/s | ETA: 18.0m
  Progress: 70/109 | Rate: 0.04/s | ETA: 17.5m
  Progress: 71/109 | Rate: 0.04/s | ETA: 17.0m
  Progress: 72/109 | Rate: 0.04/s | ETA: 16.5m
  Progress: 73/109 | Rate: 0.04/s | ETA: 16.1m
  Progress: 74/109 | Rate: 0.04/s | ETA: 15.6m
  Progress: 75/109 | Rate: 0.04/s | ETA: 15.1m
  Progress: 76/109 | Rate: 0.04/s | ETA: 14.5m
  Progress: 77/109 | Rate: 0.04/s | ETA: 14.0m
  Progress: 78/109 | Rate: 0.04/s | ETA: 13.5m
  Progress: 79/109 | Rate: 0.04/s | ETA: 13.0m
  Progress: 80/109 | Rate: 0.04/s | ETA: 12.6m
  Progress: 81/109 | Rate: 0.04/s | ETA: 12.2m
  Progress: 82/109 | Rate: 0.04/s | ETA: 11.8m
  Progress: 83/109 | Rate: 0.04/s | ETA: 11.4m
  Progress: 84/109 | Rate: 0.04/s | ETA: 11.0m
  Progress: 85/109 | Rate: 0.04/s | ETA: 10.6m
  Progress: 86/109 | Rate: 0.04/s | ETA: 10.1m
  Progress: 87/109 | Rate: 0.04/s | ETA: 9.6m
  Progress: 88/109 | Rate: 0.04/s | ETA: 9.2m
  Progress: 89/109 | Rate: 0.04/s | ETA: 8.7m
  Progress: 90/109 | Rate: 0.04/s | ETA: 8.2m
  Progress: 91/109 | Rate: 0.04/s | ETA: 7.7m
  Progress: 92/109 | Rate: 0.04/s | ETA: 7.3m
  Progress: 93/109 | Rate: 0.04/s | ETA: 6.8m
  Progress: 94/109 | Rate: 0.04/s | ETA: 6.4m
  Progress: 95/109 | Rate: 0.04/s | ETA: 5.9m
  Progress: 96/109 | Rate: 0.04/s | ETA: 5.5m
  Progress: 97/109 | Rate: 0.04/s | ETA: 5.0m
  Progress: 98/109 | Rate: 0.04/s | ETA: 4.6m
  Progress: 99/109 | Rate: 0.04/s | ETA: 4.2m
  Progress: 100/109 | Rate: 0.04/s | ETA: 3.7m
  Progress: 101/109 | Rate: 0.04/s | ETA: 3.3m
  Progress: 102/109 | Rate: 0.04/s | ETA: 2.9m
  Progress: 103/109 | Rate: 0.04/s | ETA: 2.5m
  Progress: 104/109 | Rate: 0.04/s | ETA: 2.0m
  Progress: 105/109 | Rate: 0.04/s | ETA: 1.6m
  Progress: 106/109 | Rate: 0.04/s | ETA: 1.2m
  Progress: 107/109 | Rate: 0.04/s | ETA: 0.8m
  Progress: 108/109 | Rate: 0.04/s | ETA: 0.4m
  Progress: 109/109 | Rate: 0.04/s | ETA: 0.0m

✔ Done. 109 responses in 2622.9s (0.04/s)
>>> regime=utility_first  sample=0  23:09:11Z

============================================================
  Model:   grok_4_20 (xai/grok-4.20-reasoning)
  Regime:  utility_first  |  Sample: 0  |  Run: run_20260521
  Output:  /home/satvik/Documents/CIKM/runs/run_20260521/responses/grok_4_20_utility_first_sample0_responses.jsonl
============================================================
  Remaining: 140 prompts
  Progress: 1/140 | Rate: 0.10/s | ETA: 24.4m
  Progress: 2/140 | Rate: 0.13/s | ETA: 18.4m
  Progress: 3/140 | Rate: 0.11/s | ETA: 21.1m
  Progress: 4/140 | Rate: 0.09/s | ETA: 23.9m
  Progress: 5/140 | Rate: 0.11/s | ETA: 21.2m
  Progress: 6/140 | Rate: 0.10/s | ETA: 22.9m
  Progress: 7/140 | Rate: 0.10/s | ETA: 23.3m
  Progress: 8/140 | Rate: 0.09/s | ETA: 23.4m
  Progress: 9/140 | Rate: 0.10/s | ETA: 22.7m
  Progress: 10/140 | Rate: 0.10/s | ETA: 22.3m
  Progress: 11/140 | Rate: 0.10/s | ETA: 22.0m
  Progress: 12/140 | Rate: 0.09/s | ETA: 23.6m
  Progress: 13/140 | Rate: 0.09/s | ETA: 23.9m
  Progress: 14/140 | Rate: 0.08/s | ETA: 24.9m
  Progress: 15/140 | Rate: 0.08/s | ETA: 26.1m
  Progress: 16/140 | Rate: 0.07/s | ETA: 27.8m
  Progress: 17/140 | Rate: 0.07/s | ETA: 28.4m
  Progress: 18/140 | Rate: 0.07/s | ETA: 28.3m
  [cat2_orig_009] [Attempt 1] HTTP 429: [{
  "error": {
    "code": 429,
    "message": "The request is throttled due to too many concurrent requests.",
    "st — waiting 60s
  Progress: 19/140 | Rate: 0.06/s | ETA: 36.6m
  Progress: 20/140 | Rate: 0.05/s | ETA: 37.2m
  Progress: 21/140 | Rate: 0.05/s | ETA: 36.5m
  [cat3_orig_002] [Attempt 1] HTTP 429: [{
  "error": {
    "code": 429,
    "message": "The request is throttled due to too many concurrent requests.",
    "st — waiting 60s
  Progress: 22/140 | Rate: 0.05/s | ETA: 41.1m
  Progress: 23/140 | Rate: 0.05/s | ETA: 40.1m
  Progress: 24/140 | Rate: 0.05/s | ETA: 38.6m
  Progress: 25/140 | Rate: 0.05/s | ETA: 37.8m
  Progress: 26/140 | Rate: 0.05/s | ETA: 37.1m
  Progress: 27/140 | Rate: 0.05/s | ETA: 35.9m
  Progress: 28/140 | Rate: 0.05/s | ETA: 35.0m
  Progress: 29/140 | Rate: 0.05/s | ETA: 34.2m
  [cat3_orig_010] [Attempt 1] HTTP 429: [{
  "error": {
    "code": 429,
    "message": "The request is throttled due to too many concurrent requests.",
    "st — waiting 60s
  [cat3_orig_010] [Attempt 2] HTTP 429: [{
  "error": {
    "code": 429,
    "message": "The request is throttled due to too many concurrent requests.",
    "st — waiting 60s
  [cat3_orig_010] [Attempt 3] HTTP 429: [{
  "error": {
    "code": 429,
    "message": "The request is throttled due to too many concurrent requests.",
    "st — waiting 60s
  Progress: 30/140 | Rate: 0.05/s | ETA: 40.4m
  [cat4_orig_001] [Attempt 1] HTTP 429: [{
  "error": {
    "code": 429,
    "message": "The request is throttled due to too many concurrent requests.",
    "st — waiting 60s
  Progress: 31/140 | Rate: 0.04/s | ETA: 44.6m
  Progress: 32/140 | Rate: 0.04/s | ETA: 43.8m
  Progress: 33/140 | Rate: 0.04/s | ETA: 43.5m
  Progress: 34/140 | Rate: 0.04/s | ETA: 42.4m
  [cat4_orig_005] [Attempt 1] HTTP 429: [{
  "error": {
    "code": 429,
    "message": "The request is throttled due to too many concurrent requests.",
    "st — waiting 60s
  Progress: 35/140 | Rate: 0.04/s | ETA: 44.3m
  Progress: 36/140 | Rate: 0.04/s | ETA: 43.5m
  Progress: 37/140 | Rate: 0.04/s | ETA: 43.1m
  Progress: 38/140 | Rate: 0.04/s | ETA: 42.2m
  Progress: 39/140 | Rate: 0.04/s | ETA: 41.4m
  Progress: 40/140 | Rate: 0.04/s | ETA: 41.2m
  Progress: 41/140 | Rate: 0.04/s | ETA: 40.5m
  Progress: 42/140 | Rate: 0.04/s | ETA: 39.9m
  Progress: 43/140 | Rate: 0.04/s | ETA: 39.5m
  Progress: 44/140 | Rate: 0.04/s | ETA: 39.0m
  Progress: 45/140 | Rate: 0.04/s | ETA: 38.3m
  Progress: 46/140 | Rate: 0.04/s | ETA: 38.0m
  Progress: 47/140 | Rate: 0.04/s | ETA: 37.4m
  Progress: 48/140 | Rate: 0.04/s | ETA: 36.8m
  Progress: 49/140 | Rate: 0.04/s | ETA: 36.1m
  Progress: 50/140 | Rate: 0.04/s | ETA: 35.9m
  Progress: 51/140 | Rate: 0.04/s | ETA: 35.1m
  Progress: 52/140 | Rate: 0.04/s | ETA: 34.3m
  Progress: 53/140 | Rate: 0.04/s | ETA: 33.7m
  Progress: 54/140 | Rate: 0.04/s | ETA: 33.0m
  Progress: 55/140 | Rate: 0.04/s | ETA: 32.2m
  Progress: 56/140 | Rate: 0.04/s | ETA: 31.5m
  Progress: 57/140 | Rate: 0.04/s | ETA: 31.1m
  Progress: 58/140 | Rate: 0.05/s | ETA: 30.4m
  Progress: 59/140 | Rate: 0.05/s | ETA: 29.7m
  Progress: 60/140 | Rate: 0.05/s | ETA: 29.1m
  Progress: 61/140 | Rate: 0.05/s | ETA: 28.4m
  Progress: 62/140 | Rate: 0.05/s | ETA: 27.9m
  Progress: 63/140 | Rate: 0.05/s | ETA: 27.3m
  Progress: 64/140 | Rate: 0.05/s | ETA: 26.8m
  Progress: 65/140 | Rate: 0.05/s | ETA: 26.3m
  Progress: 66/140 | Rate: 0.05/s | ETA: 25.8m
  Progress: 67/140 | Rate: 0.05/s | ETA: 25.2m
  Progress: 68/140 | Rate: 0.05/s | ETA: 24.7m
  Progress: 69/140 | Rate: 0.05/s | ETA: 24.1m
  Progress: 70/140 | Rate: 0.05/s | ETA: 23.6m
  Progress: 71/140 | Rate: 0.05/s | ETA: 23.2m
  Progress: 72/140 | Rate: 0.05/s | ETA: 22.7m
  Progress: 73/140 | Rate: 0.05/s | ETA: 22.3m
  Progress: 74/140 | Rate: 0.05/s | ETA: 21.9m
  Progress: 75/140 | Rate: 0.05/s | ETA: 21.5m
  Progress: 76/140 | Rate: 0.05/s | ETA: 21.1m
  Progress: 77/140 | Rate: 0.05/s | ETA: 20.6m
  Progress: 78/140 | Rate: 0.05/s | ETA: 20.2m
  Progress: 79/140 | Rate: 0.05/s | ETA: 19.7m
  Progress: 80/140 | Rate: 0.05/s | ETA: 19.3m
  Progress: 81/140 | Rate: 0.05/s | ETA: 19.0m
  Progress: 82/140 | Rate: 0.05/s | ETA: 18.7m
  Progress: 83/140 | Rate: 0.05/s | ETA: 18.2m
  Progress: 84/140 | Rate: 0.05/s | ETA: 17.9m
  Progress: 85/140 | Rate: 0.05/s | ETA: 17.7m
  Progress: 86/140 | Rate: 0.05/s | ETA: 17.4m
  [cat2_real_002] [Attempt 1] HTTP 429: [{
  "error": {
    "code": 429,
    "message": "The request is throttled due to too many concurrent requests.",
    "st — waiting 60s
  Progress: 87/140 | Rate: 0.05/s | ETA: 17.6m
  Progress: 88/140 | Rate: 0.05/s | ETA: 17.2m
  Progress: 89/140 | Rate: 0.05/s | ETA: 16.8m
  Progress: 90/140 | Rate: 0.05/s | ETA: 16.4m
  Progress: 91/140 | Rate: 0.05/s | ETA: 16.0m
  Progress: 92/140 | Rate: 0.05/s | ETA: 15.6m
  Progress: 93/140 | Rate: 0.05/s | ETA: 15.2m
  Progress: 94/140 | Rate: 0.05/s | ETA: 14.8m
  Progress: 95/140 | Rate: 0.05/s | ETA: 14.4m
  Progress: 96/140 | Rate: 0.05/s | ETA: 14.0m
  [cat3_real_002] [Attempt 1] HTTP 429: [{
  "error": {
    "code": 429,
    "message": "The request is throttled due to too many concurrent requests.",
    "st — waiting 60s
  Progress: 97/140 | Rate: 0.05/s | ETA: 14.1m
  Progress: 98/140 | Rate: 0.05/s | ETA: 13.7m
  Progress: 99/140 | Rate: 0.05/s | ETA: 13.3m
  [cat3_real_005] [Attempt 1] HTTP 429: [{
  "error": {
    "code": 429,
    "message": "The request is throttled due to too many concurrent requests.",
    "st — waiting 60s
  Progress: 100/140 | Rate: 0.05/s | ETA: 13.4m
  Progress: 101/140 | Rate: 0.05/s | ETA: 13.0m
  Progress: 102/140 | Rate: 0.05/s | ETA: 12.7m
  Progress: 103/140 | Rate: 0.05/s | ETA: 12.3m
  Progress: 104/140 | Rate: 0.05/s | ETA: 12.0m
  Progress: 105/140 | Rate: 0.05/s | ETA: 11.6m
  Progress: 106/140 | Rate: 0.05/s | ETA: 11.2m
  Progress: 107/140 | Rate: 0.05/s | ETA: 10.9m
  Progress: 108/140 | Rate: 0.05/s | ETA: 10.5m
  Progress: 109/140 | Rate: 0.05/s | ETA: 10.1m
  Progress: 110/140 | Rate: 0.05/s | ETA: 9.8m
  [cat5_adapted_001] [Attempt 1] HTTP 429: [{
  "error": {
    "code": 429,
    "message": "The request is throttled due to too many concurrent requests.",
    "st — waiting 60s
  Progress: 111/140 | Rate: 0.05/s | ETA: 9.8m
  Progress: 112/140 | Rate: 0.05/s | ETA: 9.4m
  Progress: 113/140 | Rate: 0.05/s | ETA: 9.0m
  Progress: 114/140 | Rate: 0.05/s | ETA: 8.7m
  Progress: 115/140 | Rate: 0.05/s | ETA: 8.4m
  Progress: 116/140 | Rate: 0.05/s | ETA: 8.1m
  Progress: 117/140 | Rate: 0.05/s | ETA: 7.7m
  Progress: 118/140 | Rate: 0.05/s | ETA: 7.3m
  Progress: 119/140 | Rate: 0.05/s | ETA: 7.0m
  Progress: 120/140 | Rate: 0.05/s | ETA: 6.6m
  Progress: 121/140 | Rate: 0.05/s | ETA: 6.3m
  Progress: 122/140 | Rate: 0.05/s | ETA: 5.9m
  Progress: 123/140 | Rate: 0.05/s | ETA: 5.6m
  Progress: 124/140 | Rate: 0.05/s | ETA: 5.3m
  Progress: 125/140 | Rate: 0.05/s | ETA: 4.9m
  Progress: 126/140 | Rate: 0.05/s | ETA: 4.6m
  Progress: 127/140 | Rate: 0.05/s | ETA: 4.3m
  Progress: 128/140 | Rate: 0.05/s | ETA: 3.9m
  Progress: 129/140 | Rate: 0.05/s | ETA: 3.6m
  Progress: 130/140 | Rate: 0.05/s | ETA: 3.3m
  Progress: 131/140 | Rate: 0.05/s | ETA: 2.9m
  Progress: 132/140 | Rate: 0.05/s | ETA: 2.6m
  Progress: 133/140 | Rate: 0.05/s | ETA: 2.3m
  Progress: 134/140 | Rate: 0.05/s | ETA: 1.9m
  Progress: 135/140 | Rate: 0.05/s | ETA: 1.6m
  Progress: 136/140 | Rate: 0.05/s | ETA: 1.3m
  Progress: 137/140 | Rate: 0.05/s | ETA: 1.0m
  Progress: 138/140 | Rate: 0.05/s | ETA: 0.6m
  Progress: 139/140 | Rate: 0.05/s | ETA: 0.3m
  Progress: 140/140 | Rate: 0.05/s | ETA: 0.0m

✔ Done. 140 responses in 2688.7s (0.05/s)
>>> regime=utility_first  sample=1  23:54:01Z

============================================================
  Model:   grok_4_20 (xai/grok-4.20-reasoning)
  Regime:  utility_first  |  Sample: 1  |  Run: run_20260521
  Output:  /home/satvik/Documents/CIKM/runs/run_20260521/responses/grok_4_20_utility_first_sample1_responses.jsonl
============================================================
  Remaining: 140 prompts
  Progress: 1/140 | Rate: 0.08/s | ETA: 29.2m
  Progress: 2/140 | Rate: 0.11/s | ETA: 21.3m
  Progress: 3/140 | Rate: 0.10/s | ETA: 22.0m
  Progress: 4/140 | Rate: 0.09/s | ETA: 24.8m
  Progress: 5/140 | Rate: 0.10/s | ETA: 22.6m
  Progress: 6/140 | Rate: 0.08/s | ETA: 27.0m
  Progress: 7/140 | Rate: 0.08/s | ETA: 26.9m
  Progress: 8/140 | Rate: 0.08/s | ETA: 26.9m
  Progress: 9/140 | Rate: 0.08/s | ETA: 26.0m
  Progress: 10/140 | Rate: 0.08/s | ETA: 25.9m
  Progress: 11/140 | Rate: 0.08/s | ETA: 25.9m
  Progress: 12/140 | Rate: 0.08/s | ETA: 27.1m
  Progress: 13/140 | Rate: 0.07/s | ETA: 29.1m
  Progress: 14/140 | Rate: 0.07/s | ETA: 30.0m
  Progress: 15/140 | Rate: 0.06/s | ETA: 32.6m
  [cat2_orig_006] [Attempt 1] HTTP 429: [{
  "error": {
    "code": 429,
    "message": "The request is throttled due to too many concurrent requests.",
    "st — waiting 60s
  [cat2_orig_006] [Attempt 2] HTTP 429: [{
  "error": {
    "code": 429,
    "message": "The request is throttled due to too many concurrent requests.",
    "st — waiting 60s
  Progress: 16/140 | Rate: 0.04/s | ETA: 49.7m
  Progress: 17/140 | Rate: 0.04/s | ETA: 49.0m
  Progress: 18/140 | Rate: 0.04/s | ETA: 47.8m
  Progress: 19/140 | Rate: 0.04/s | ETA: 48.1m
  [cat2_orig_010] [Attempt 1] HTTP 429: [{
  "error": {
    "code": 429,
    "message": "The request is throttled due to too many concurrent requests.",
    "st — waiting 60s
  Progress: 20/140 | Rate: 0.04/s | ETA: 53.9m
  Progress: 21/140 | Rate: 0.04/s | ETA: 52.5m
  Progress: 22/140 | Rate: 0.04/s | ETA: 50.4m
  Progress: 23/140 | Rate: 0.04/s | ETA: 48.8m
  Progress: 24/140 | Rate: 0.04/s | ETA: 46.9m
  Progress: 25/140 | Rate: 0.04/s | ETA: 45.7m
  Progress: 26/140 | Rate: 0.04/s | ETA: 44.4m
  Progress: 27/140 | Rate: 0.04/s | ETA: 42.8m
  Progress: 28/140 | Rate: 0.04/s | ETA: 41.5m
  Progress: 29/140 | Rate: 0.05/s | ETA: 40.3m
  Progress: 30/140 | Rate: 0.05/s | ETA: 39.1m
  Progress: 31/140 | Rate: 0.05/s | ETA: 39.4m
  Progress: 32/140 | Rate: 0.05/s | ETA: 38.8m
  Progress: 33/140 | Rate: 0.05/s | ETA: 38.6m
  Progress: 34/140 | Rate: 0.05/s | ETA: 37.9m
  Progress: 35/140 | Rate: 0.05/s | ETA: 37.0m
  Progress: 36/140 | Rate: 0.05/s | ETA: 36.6m
  Progress: 37/140 | Rate: 0.05/s | ETA: 37.0m
  Progress: 38/140 | Rate: 0.05/s | ETA: 36.8m
  Progress: 39/140 | Rate: 0.05/s | ETA: 36.2m
  Progress: 40/140 | Rate: 0.05/s | ETA: 36.8m
  Progress: 41/140 | Rate: 0.05/s | ETA: 36.2m
  Progress: 42/140 | Rate: 0.05/s | ETA: 35.7m
  Progress: 43/140 | Rate: 0.05/s | ETA: 35.3m
  Progress: 44/140 | Rate: 0.05/s | ETA: 35.1m
  Progress: 45/140 | Rate: 0.05/s | ETA: 34.5m
  Progress: 46/140 | Rate: 0.05/s | ETA: 34.1m
  Progress: 47/140 | Rate: 0.05/s | ETA: 33.6m
  Progress: 48/140 | Rate: 0.05/s | ETA: 33.1m
  Progress: 49/140 | Rate: 0.05/s | ETA: 32.6m
  Progress: 50/140 | Rate: 0.05/s | ETA: 32.4m
  Progress: 51/140 | Rate: 0.05/s | ETA: 31.6m
  Progress: 52/140 | Rate: 0.05/s | ETA: 31.0m
  Progress: 53/140 | Rate: 0.05/s | ETA: 30.6m
  Progress: 54/140 | Rate: 0.05/s | ETA: 29.9m
  Progress: 55/140 | Rate: 0.05/s | ETA: 29.3m
  Progress: 56/140 | Rate: 0.05/s | ETA: 28.7m
  Progress: 57/140 | Rate: 0.05/s | ETA: 28.3m
  Progress: 58/140 | Rate: 0.05/s | ETA: 27.7m
  Progress: 59/140 | Rate: 0.05/s | ETA: 27.1m
  Progress: 60/140 | Rate: 0.05/s | ETA: 26.6m
  Progress: 61/140 | Rate: 0.05/s | ETA: 26.0m
  Progress: 62/140 | Rate: 0.05/s | ETA: 25.5m
  Progress: 63/140 | Rate: 0.05/s | ETA: 25.0m
  Progress: 64/140 | Rate: 0.05/s | ETA: 24.5m
  Progress: 65/140 | Rate: 0.05/s | ETA: 24.1m
  Progress: 66/140 | Rate: 0.05/s | ETA: 23.7m
  Progress: 67/140 | Rate: 0.05/s | ETA: 23.2m
  Progress: 68/140 | Rate: 0.05/s | ETA: 22.7m
  Progress: 69/140 | Rate: 0.05/s | ETA: 22.2m
  Progress: 70/140 | Rate: 0.05/s | ETA: 21.8m
  Progress: 71/140 | Rate: 0.05/s | ETA: 21.4m
  Progress: 72/140 | Rate: 0.05/s | ETA: 21.0m
  Progress: 73/140 | Rate: 0.05/s | ETA: 20.6m
  Progress: 74/140 | Rate: 0.05/s | ETA: 20.2m
  Progress: 75/140 | Rate: 0.05/s | ETA: 19.8m
  Progress: 76/140 | Rate: 0.05/s | ETA: 19.5m
  Progress: 77/140 | Rate: 0.05/s | ETA: 19.1m
  Progress: 78/140 | Rate: 0.06/s | ETA: 18.7m
  Progress: 79/140 | Rate: 0.06/s | ETA: 18.3m
  Progress: 80/140 | Rate: 0.06/s | ETA: 17.9m
  Progress: 81/140 | Rate: 0.06/s | ETA: 17.6m
  Progress: 82/140 | Rate: 0.06/s | ETA: 17.3m
  Progress: 83/140 | Rate: 0.06/s | ETA: 16.9m
  Progress: 84/140 | Rate: 0.06/s | ETA: 16.6m
  Progress: 85/140 | Rate: 0.06/s | ETA: 16.4m
  Progress: 86/140 | Rate: 0.06/s | ETA: 16.0m
  Progress: 87/140 | Rate: 0.06/s | ETA: 15.6m
  Progress: 88/140 | Rate: 0.06/s | ETA: 15.3m
  Progress: 89/140 | Rate: 0.06/s | ETA: 15.0m
  Progress: 90/140 | Rate: 0.06/s | ETA: 14.6m
  Progress: 91/140 | Rate: 0.06/s | ETA: 14.2m
  Progress: 92/140 | Rate: 0.06/s | ETA: 13.9m
  Progress: 93/140 | Rate: 0.06/s | ETA: 13.5m
  Progress: 94/140 | Rate: 0.06/s | ETA: 13.1m
  Progress: 95/140 | Rate: 0.06/s | ETA: 12.8m
  Progress: 96/140 | Rate: 0.06/s | ETA: 12.5m
  Progress: 97/140 | Rate: 0.06/s | ETA: 12.1m
  Progress: 98/140 | Rate: 0.06/s | ETA: 11.8m
  Progress: 99/140 | Rate: 0.06/s | ETA: 11.4m
  Progress: 100/140 | Rate: 0.06/s | ETA: 11.1m
  Progress: 101/140 | Rate: 0.06/s | ETA: 10.8m
  Progress: 102/140 | Rate: 0.06/s | ETA: 10.6m
  Progress: 103/140 | Rate: 0.06/s | ETA: 10.3m
  Progress: 104/140 | Rate: 0.06/s | ETA: 10.1m
  Progress: 105/140 | Rate: 0.06/s | ETA: 9.8m
  Progress: 106/140 | Rate: 0.06/s | ETA: 9.5m
  Progress: 107/140 | Rate: 0.06/s | ETA: 9.1m
  Progress: 108/140 | Rate: 0.06/s | ETA: 8.8m
  Progress: 109/140 | Rate: 0.06/s | ETA: 8.5m
  Progress: 110/140 | Rate: 0.06/s | ETA: 8.2m
  Progress: 111/140 | Rate: 0.06/s | ETA: 8.0m
  Progress: 112/140 | Rate: 0.06/s | ETA: 7.7m
  Progress: 113/140 | Rate: 0.06/s | ETA: 7.4m
  Progress: 114/140 | Rate: 0.06/s | ETA: 7.2m
  [cat5_adapted_005] [Attempt 1] HTTP 429: [{
  "error": {
    "code": 429,
    "message": "The request is throttled due to too many concurrent requests.",
    "st — waiting 60s
  Progress: 115/140 | Rate: 0.06/s | ETA: 7.2m
  Progress: 116/140 | Rate: 0.06/s | ETA: 7.0m
  Progress: 117/140 | Rate: 0.06/s | ETA: 6.7m
  Progress: 118/140 | Rate: 0.06/s | ETA: 6.4m
  Progress: 119/140 | Rate: 0.06/s | ETA: 6.1m
  Progress: 120/140 | Rate: 0.06/s | ETA: 5.8m
  Progress: 121/140 | Rate: 0.06/s | ETA: 5.5m
  Progress: 122/140 | Rate: 0.06/s | ETA: 5.2m
  Progress: 123/140 | Rate: 0.06/s | ETA: 4.9m
  Progress: 124/140 | Rate: 0.06/s | ETA: 4.6m
  Progress: 125/140 | Rate: 0.06/s | ETA: 4.3m
  Progress: 126/140 | Rate: 0.06/s | ETA: 4.0m
  Progress: 127/140 | Rate: 0.06/s | ETA: 3.7m
  Progress: 128/140 | Rate: 0.06/s | ETA: 3.4m
  Progress: 129/140 | Rate: 0.06/s | ETA: 3.2m
  Progress: 130/140 | Rate: 0.06/s | ETA: 2.9m
  Progress: 131/140 | Rate: 0.06/s | ETA: 2.6m
  Progress: 132/140 | Rate: 0.06/s | ETA: 2.3m
  Progress: 133/140 | Rate: 0.06/s | ETA: 2.0m
  Progress: 134/140 | Rate: 0.06/s | ETA: 1.7m
  Progress: 135/140 | Rate: 0.06/s | ETA: 1.4m
  Progress: 136/140 | Rate: 0.06/s | ETA: 1.1m
  Progress: 137/140 | Rate: 0.06/s | ETA: 0.8m
  Progress: 138/140 | Rate: 0.06/s | ETA: 0.6m
  Progress: 139/140 | Rate: 0.06/s | ETA: 0.3m
  Progress: 140/140 | Rate: 0.06/s | ETA: 0.0m

✔ Done. 140 responses in 2379.6s (0.06/s)
>>> regime=utility_first  sample=2  00:33:42Z

============================================================
  Model:   grok_4_20 (xai/grok-4.20-reasoning)
  Regime:  utility_first  |  Sample: 2  |  Run: run_20260521
  Output:  /home/satvik/Documents/CIKM/runs/run_20260521/responses/grok_4_20_utility_first_sample2_responses.jsonl
============================================================
  Remaining: 140 prompts
  Progress: 1/140 | Rate: 0.08/s | ETA: 30.7m
  Progress: 2/140 | Rate: 0.11/s | ETA: 21.7m
  Progress: 3/140 | Rate: 0.08/s | ETA: 28.2m
  Progress: 4/140 | Rate: 0.08/s | ETA: 30.1m
  Progress: 5/140 | Rate: 0.08/s | ETA: 26.6m
  Progress: 6/140 | Rate: 0.08/s | ETA: 28.1m
  Progress: 7/140 | Rate: 0.08/s | ETA: 27.7m
  Progress: 8/140 | Rate: 0.08/s | ETA: 27.5m
  Progress: 9/140 | Rate: 0.08/s | ETA: 26.2m
  Progress: 10/140 | Rate: 0.08/s | ETA: 25.7m
  Progress: 11/140 | Rate: 0.08/s | ETA: 25.9m
  Progress: 12/140 | Rate: 0.08/s | ETA: 27.6m
  Progress: 13/140 | Rate: 0.07/s | ETA: 29.0m
  Progress: 14/140 | Rate: 0.07/s | ETA: 29.7m
  Progress: 15/140 | Rate: 0.07/s | ETA: 30.4m
  Progress: 16/140 | Rate: 0.07/s | ETA: 31.7m
  Progress: 17/140 | Rate: 0.06/s | ETA: 31.8m
  Progress: 18/140 | Rate: 0.06/s | ETA: 31.6m
  Progress: 19/140 | Rate: 0.06/s | ETA: 32.1m
  Progress: 20/140 | Rate: 0.06/s | ETA: 32.6m
  Progress: 21/140 | Rate: 0.06/s | ETA: 31.9m
  Progress: 22/140 | Rate: 0.06/s | ETA: 30.8m
  Progress: 23/140 | Rate: 0.07/s | ETA: 30.0m
  Progress: 24/140 | Rate: 0.07/s | ETA: 29.0m
  Progress: 25/140 | Rate: 0.07/s | ETA: 28.4m
  Progress: 26/140 | Rate: 0.07/s | ETA: 28.4m
  Progress: 27/140 | Rate: 0.07/s | ETA: 27.5m
  Progress: 28/140 | Rate: 0.07/s | ETA: 26.8m
  Progress: 29/140 | Rate: 0.07/s | ETA: 26.2m
  Progress: 30/140 | Rate: 0.07/s | ETA: 25.7m
  Progress: 31/140 | Rate: 0.07/s | ETA: 26.4m
  Progress: 32/140 | Rate: 0.07/s | ETA: 26.3m
  Progress: 33/140 | Rate: 0.07/s | ETA: 26.9m
  Progress: 34/140 | Rate: 0.07/s | ETA: 26.6m
  Progress: 35/140 | Rate: 0.07/s | ETA: 26.1m
  Progress: 36/140 | Rate: 0.07/s | ETA: 26.1m
  Progress: 37/140 | Rate: 0.07/s | ETA: 26.3m
  Progress: 38/140 | Rate: 0.06/s | ETA: 26.4m
  Progress: 39/140 | Rate: 0.06/s | ETA: 26.3m
  Progress: 40/140 | Rate: 0.06/s | ETA: 26.8m
  Progress: 41/140 | Rate: 0.06/s | ETA: 26.7m
  Progress: 42/140 | Rate: 0.06/s | ETA: 26.4m
  Progress: 43/140 | Rate: 0.06/s | ETA: 26.3m
  Progress: 44/140 | Rate: 0.06/s | ETA: 26.2m
  Progress: 45/140 | Rate: 0.06/s | ETA: 26.0m
  Progress: 46/140 | Rate: 0.06/s | ETA: 25.9m
  Progress: 47/140 | Rate: 0.06/s | ETA: 25.6m
  Progress: 48/140 | Rate: 0.06/s | ETA: 25.3m
  Progress: 49/140 | Rate: 0.06/s | ETA: 24.9m
  Progress: 50/140 | Rate: 0.06/s | ETA: 24.9m
  Progress: 51/140 | Rate: 0.06/s | ETA: 24.4m
  Progress: 52/140 | Rate: 0.06/s | ETA: 24.0m
  Progress: 53/140 | Rate: 0.06/s | ETA: 23.5m
  Progress: 54/140 | Rate: 0.06/s | ETA: 23.0m
  Progress: 55/140 | Rate: 0.06/s | ETA: 22.6m
  Progress: 56/140 | Rate: 0.06/s | ETA: 22.2m
  Progress: 57/140 | Rate: 0.06/s | ETA: 22.0m
  Progress: 58/140 | Rate: 0.06/s | ETA: 21.6m
  Progress: 59/140 | Rate: 0.06/s | ETA: 21.1m
  Progress: 60/140 | Rate: 0.06/s | ETA: 20.9m
  Progress: 61/140 | Rate: 0.06/s | ETA: 20.4m
  Progress: 62/140 | Rate: 0.06/s | ETA: 20.2m
  [cat7_orig_003] [Attempt 1] HTTP 429: [{
  "error": {
    "code": 429,
    "message": "The request is throttled due to too many concurrent requests.",
    "st — waiting 60s
  Progress: 63/140 | Rate: 0.06/s | ETA: 21.1m
  Progress: 64/140 | Rate: 0.06/s | ETA: 20.8m
  Progress: 65/140 | Rate: 0.06/s | ETA: 20.5m
  Progress: 66/140 | Rate: 0.06/s | ETA: 20.2m
  Progress: 67/140 | Rate: 0.06/s | ETA: 19.8m
  Progress: 68/140 | Rate: 0.06/s | ETA: 19.4m
  Progress: 69/140 | Rate: 0.06/s | ETA: 19.0m
  Progress: 70/140 | Rate: 0.06/s | ETA: 18.6m
  Progress: 71/140 | Rate: 0.06/s | ETA: 18.3m
  Progress: 72/140 | Rate: 0.06/s | ETA: 18.0m
  Progress: 73/140 | Rate: 0.06/s | ETA: 17.7m
  Progress: 74/140 | Rate: 0.06/s | ETA: 17.5m
  Progress: 75/140 | Rate: 0.06/s | ETA: 17.1m
  Progress: 76/140 | Rate: 0.06/s | ETA: 16.8m
  Progress: 77/140 | Rate: 0.06/s | ETA: 16.6m
  Progress: 78/140 | Rate: 0.06/s | ETA: 16.3m
  Progress: 79/140 | Rate: 0.06/s | ETA: 16.0m
  Progress: 80/140 | Rate: 0.06/s | ETA: 15.7m
  Progress: 81/140 | Rate: 0.06/s | ETA: 15.4m
  Progress: 82/140 | Rate: 0.06/s | ETA: 15.2m
  Progress: 83/140 | Rate: 0.06/s | ETA: 14.9m
  Progress: 84/140 | Rate: 0.06/s | ETA: 14.8m
  Progress: 85/140 | Rate: 0.06/s | ETA: 14.6m
  Progress: 86/140 | Rate: 0.06/s | ETA: 14.3m
  Progress: 87/140 | Rate: 0.06/s | ETA: 14.0m
  Progress: 88/140 | Rate: 0.06/s | ETA: 13.7m
  Progress: 89/140 | Rate: 0.06/s | ETA: 13.5m
  Progress: 90/140 | Rate: 0.06/s | ETA: 13.2m
  Progress: 91/140 | Rate: 0.06/s | ETA: 12.9m
  Progress: 92/140 | Rate: 0.06/s | ETA: 12.6m
  Progress: 93/140 | Rate: 0.06/s | ETA: 12.3m
  Progress: 94/140 | Rate: 0.06/s | ETA: 12.0m
  Progress: 95/140 | Rate: 0.06/s | ETA: 11.7m
  Progress: 96/140 | Rate: 0.06/s | ETA: 11.4m
  Progress: 97/140 | Rate: 0.06/s | ETA: 11.1m
  Progress: 98/140 | Rate: 0.07/s | ETA: 10.8m
  Progress: 99/140 | Rate: 0.07/s | ETA: 10.5m
  Progress: 100/140 | Rate: 0.07/s | ETA: 10.2m
  Progress: 101/140 | Rate: 0.07/s | ETA: 9.9m
  Progress: 102/140 | Rate: 0.07/s | ETA: 9.7m
  Progress: 103/140 | Rate: 0.07/s | ETA: 9.4m
  Progress: 104/140 | Rate: 0.06/s | ETA: 9.3m
  Progress: 105/140 | Rate: 0.06/s | ETA: 9.0m
  Progress: 106/140 | Rate: 0.06/s | ETA: 8.7m
  Progress: 107/140 | Rate: 0.07/s | ETA: 8.5m
  Progress: 108/140 | Rate: 0.07/s | ETA: 8.2m
  Progress: 109/140 | Rate: 0.07/s | ETA: 7.9m
  Progress: 110/140 | Rate: 0.07/s | ETA: 7.7m
  Progress: 111/140 | Rate: 0.06/s | ETA: 7.5m
  Progress: 112/140 | Rate: 0.06/s | ETA: 7.2m
  Progress: 113/140 | Rate: 0.06/s | ETA: 7.0m
  Progress: 114/140 | Rate: 0.06/s | ETA: 6.8m
  Progress: 115/140 | Rate: 0.06/s | ETA: 6.6m
  Progress: 116/140 | Rate: 0.06/s | ETA: 6.4m
  Progress: 117/140 | Rate: 0.06/s | ETA: 6.2m
  Progress: 118/140 | Rate: 0.06/s | ETA: 5.9m
  Progress: 119/140 | Rate: 0.06/s | ETA: 5.7m
  Progress: 120/140 | Rate: 0.06/s | ETA: 5.4m
  Progress: 121/140 | Rate: 0.06/s | ETA: 5.2m
  Progress: 122/140 | Rate: 0.06/s | ETA: 4.9m
  Progress: 123/140 | Rate: 0.06/s | ETA: 4.7m
  Progress: 124/140 | Rate: 0.06/s | ETA: 4.4m
  Progress: 125/140 | Rate: 0.06/s | ETA: 4.1m
  Progress: 126/140 | Rate: 0.06/s | ETA: 3.8m
  Progress: 127/140 | Rate: 0.06/s | ETA: 3.6m
  [cat6_real_003] [Attempt 1] HTTP 429: [{
  "error": {
    "code": 429,
    "message": "The request is throttled due to too many concurrent requests.",
    "st — waiting 60s
  [cat6_real_003] [Attempt 2] HTTP 429: [{
  "error": {
    "code": 429,
    "message": "The request is throttled due to too many concurrent requests.",
    "st — waiting 60s
  Progress: 128/140 | Rate: 0.06/s | ETA: 3.5m
  Progress: 129/140 | Rate: 0.06/s | ETA: 3.2m
  [cat6_real_005] [Attempt 1] HTTP 429: [{
  "error": {
    "code": 429,
    "message": "The request is throttled due to too many concurrent requests.",
    "st — waiting 60s
  [cat6_real_005] [Attempt 2] HTTP 429: [{
  "error": {
    "code": 429,
    "message": "The request is throttled due to too many concurrent requests.",
    "st — waiting 60s
  [cat6_real_005] [Attempt 3] HTTP 429: [{
  "error": {
    "code": 429,
    "message": "The request is throttled due to too many concurrent requests.",
    "st — waiting 60s
  Progress: 130/140 | Rate: 0.05/s | ETA: 3.1m
  Progress: 131/140 | Rate: 0.05/s | ETA: 2.8m
  [cat7_adapted_002] [Attempt 1] HTTP 429: [{
  "error": {
    "code": 429,
    "message": "The request is throttled due to too many concurrent requests.",
    "st — waiting 60s
  Progress: 132/140 | Rate: 0.05/s | ETA: 2.5m
  Progress: 133/140 | Rate: 0.05/s | ETA: 2.2m
  [cat7_adapted_004] [Attempt 1] HTTP 429: [{
  "error": {
    "code": 429,
    "message": "The request is throttled due to too many concurrent requests.",
    "st — waiting 60s
  [cat7_adapted_004] [Attempt 2] HTTP 429: [{
  "error": {
    "code": 429,
    "message": "The request is throttled due to too many concurrent requests.",
    "st — waiting 60s
  Progress: 134/140 | Rate: 0.05/s | ETA: 2.0m
  Progress: 135/140 | Rate: 0.05/s | ETA: 1.7m
  Progress: 136/140 | Rate: 0.05/s | ETA: 1.3m
  Progress: 137/140 | Rate: 0.05/s | ETA: 1.0m
  Progress: 138/140 | Rate: 0.05/s | ETA: 0.7m
  Progress: 139/140 | Rate: 0.05/s | ETA: 0.3m
  Progress: 140/140 | Rate: 0.05/s | ETA: 0.0m

✔ Done. 140 responses in 2826.7s (0.05/s)
>>> regime=neutrality_oriented  sample=0  01:20:50Z

============================================================
  Model:   grok_4_20 (xai/grok-4.20-reasoning)
  Regime:  neutrality_oriented  |  Sample: 0  |  Run: run_20260521
  Output:  /home/satvik/Documents/CIKM/runs/run_20260521/responses/grok_4_20_neutrality_oriented_sample0_responses.jsonl
============================================================
  Remaining: 140 prompts
  [cat1_orig_001] [Attempt 1] HTTP 429: [{
  "error": {
    "code": 429,
    "message": "The request is throttled due to too many concurrent requests.",
    "st — waiting 60s
  Progress: 1/140 | Rate: 0.01/s | ETA: 181.4m
  Progress: 2/140 | Rate: 0.02/s | ETA: 119.2m
  Progress: 3/140 | Rate: 0.03/s | ETA: 89.3m
  Progress: 4/140 | Rate: 0.03/s | ETA: 81.3m
  Progress: 5/140 | Rate: 0.03/s | ETA: 70.9m
  Progress: 6/140 | Rate: 0.03/s | ETA: 66.0m
  Progress: 7/140 | Rate: 0.03/s | ETA: 63.5m
  Progress: 8/140 | Rate: 0.04/s | ETA: 61.6m
  Progress: 9/140 | Rate: 0.04/s | ETA: 59.3m
  Progress: 10/140 | Rate: 0.04/s | ETA: 57.8m
  Progress: 11/140 | Rate: 0.04/s | ETA: 58.3m
  Progress: 12/140 | Rate: 0.04/s | ETA: 58.4m
  Progress: 13/140 | Rate: 0.04/s | ETA: 59.7m
  Progress: 14/140 | Rate: 0.03/s | ETA: 60.8m
  Progress: 15/140 | Rate: 0.03/s | ETA: 61.2m
  Progress: 16/140 | Rate: 0.03/s | ETA: 60.7m
  Progress: 17/140 | Rate: 0.03/s | ETA: 60.7m
  Progress: 18/140 | Rate: 0.03/s | ETA: 60.1m
  Progress: 19/140 | Rate: 0.03/s | ETA: 62.2m
  Progress: 20/140 | Rate: 0.03/s | ETA: 62.4m
  Progress: 21/140 | Rate: 0.03/s | ETA: 62.0m
  Progress: 22/140 | Rate: 0.03/s | ETA: 60.6m
  Progress: 23/140 | Rate: 0.03/s | ETA: 59.6m
  Progress: 24/140 | Rate: 0.03/s | ETA: 58.1m
  Progress: 25/140 | Rate: 0.03/s | ETA: 57.3m
  Progress: 26/140 | Rate: 0.03/s | ETA: 56.3m
  Progress: 27/140 | Rate: 0.03/s | ETA: 54.5m
  Progress: 28/140 | Rate: 0.03/s | ETA: 53.5m
  Progress: 29/140 | Rate: 0.04/s | ETA: 52.7m
  Progress: 30/140 | Rate: 0.04/s | ETA: 51.8m
  Progress: 31/140 | Rate: 0.03/s | ETA: 52.1m
  Progress: 32/140 | Rate: 0.03/s | ETA: 51.9m
  Progress: 33/140 | Rate: 0.03/s | ETA: 51.9m
  Progress: 34/140 | Rate: 0.03/s | ETA: 51.3m
  Progress: 35/140 | Rate: 0.03/s | ETA: 50.9m
  Progress: 36/140 | Rate: 0.03/s | ETA: 50.7m
  Progress: 37/140 | Rate: 0.03/s | ETA: 50.9m
  Progress: 38/140 | Rate: 0.03/s | ETA: 50.7m
  Progress: 39/140 | Rate: 0.03/s | ETA: 50.4m
  Progress: 40/140 | Rate: 0.03/s | ETA: 50.0m
  Progress: 41/140 | Rate: 0.03/s | ETA: 49.8m
  Progress: 42/140 | Rate: 0.03/s | ETA: 49.4m
  Progress: 43/140 | Rate: 0.03/s | ETA: 49.2m
  Progress: 44/140 | Rate: 0.03/s | ETA: 49.1m
  Progress: 45/140 | Rate: 0.03/s | ETA: 48.7m
  Progress: 46/140 | Rate: 0.03/s | ETA: 48.8m
  Progress: 47/140 | Rate: 0.03/s | ETA: 48.5m
  Progress: 48/140 | Rate: 0.03/s | ETA: 48.3m
  Progress: 49/140 | Rate: 0.03/s | ETA: 48.0m
  Progress: 50/140 | Rate: 0.03/s | ETA: 47.9m
  Progress: 51/140 | Rate: 0.03/s | ETA: 46.8m
  Progress: 52/140 | Rate: 0.03/s | ETA: 46.4m
  Progress: 53/140 | Rate: 0.03/s | ETA: 45.6m
  Progress: 54/140 | Rate: 0.03/s | ETA: 44.9m
  Progress: 55/140 | Rate: 0.03/s | ETA: 44.2m
  Progress: 56/140 | Rate: 0.03/s | ETA: 43.4m
  Progress: 57/140 | Rate: 0.03/s | ETA: 42.7m
  Progress: 58/140 | Rate: 0.03/s | ETA: 41.8m
  Progress: 59/140 | Rate: 0.03/s | ETA: 40.8m
  Progress: 60/140 | Rate: 0.03/s | ETA: 39.9m
  Progress: 61/140 | Rate: 0.03/s | ETA: 39.3m
  Progress: 62/140 | Rate: 0.03/s | ETA: 38.6m
  Progress: 63/140 | Rate: 0.03/s | ETA: 38.0m
  Progress: 64/140 | Rate: 0.03/s | ETA: 37.3m
  Progress: 65/140 | Rate: 0.03/s | ETA: 36.6m
  Progress: 66/140 | Rate: 0.03/s | ETA: 36.1m
  Progress: 67/140 | Rate: 0.03/s | ETA: 35.4m
  Progress: 68/140 | Rate: 0.03/s | ETA: 34.7m
  Progress: 69/140 | Rate: 0.03/s | ETA: 34.0m
  Progress: 70/140 | Rate: 0.03/s | ETA: 33.4m
  Progress: 71/140 | Rate: 0.03/s | ETA: 33.0m
  Progress: 72/140 | Rate: 0.03/s | ETA: 32.6m
  Progress: 73/140 | Rate: 0.03/s | ETA: 32.3m
  Progress: 74/140 | Rate: 0.03/s | ETA: 32.1m
  Progress: 75/140 | Rate: 0.03/s | ETA: 31.8m
  Progress: 76/140 | Rate: 0.03/s | ETA: 31.4m
  Progress: 77/140 | Rate: 0.03/s | ETA: 31.0m
  Progress: 78/140 | Rate: 0.03/s | ETA: 30.5m
  Progress: 79/140 | Rate: 0.03/s | ETA: 30.0m
  Progress: 80/140 | Rate: 0.03/s | ETA: 29.5m
  Progress: 81/140 | Rate: 0.03/s | ETA: 29.0m
  [cat2_adapted_002] [Attempt 1] HTTP 429: [{
  "error": {
    "code": 429,
    "message": "The request is throttled due to too many concurrent requests.",
    "st — waiting 60s
  Progress: 82/140 | Rate: 0.03/s | ETA: 29.2m
  Progress: 83/140 | Rate: 0.03/s | ETA: 28.6m
  Progress: 84/140 | Rate: 0.03/s | ETA: 28.1m
  Progress: 85/140 | Rate: 0.03/s | ETA: 27.6m
  Progress: 86/140 | Rate: 0.03/s | ETA: 26.9m
  Progress: 87/140 | Rate: 0.03/s | ETA: 26.3m
  Progress: 88/140 | Rate: 0.03/s | ETA: 25.8m
  Progress: 89/140 | Rate: 0.03/s | ETA: 25.2m
  Progress: 90/140 | Rate: 0.03/s | ETA: 24.6m
  Progress: 91/140 | Rate: 0.03/s | ETA: 24.0m
  Progress: 92/140 | Rate: 0.03/s | ETA: 23.4m
  Progress: 93/140 | Rate: 0.03/s | ETA: 22.7m
  Progress: 94/140 | Rate: 0.03/s | ETA: 22.1m
  Progress: 95/140 | Rate: 0.03/s | ETA: 21.5m
  Progress: 96/140 | Rate: 0.04/s | ETA: 20.9m
  Progress: 97/140 | Rate: 0.04/s | ETA: 20.3m
  Progress: 98/140 | Rate: 0.04/s | ETA: 19.7m
  Progress: 99/140 | Rate: 0.04/s | ETA: 19.2m
  Progress: 100/140 | Rate: 0.04/s | ETA: 18.6m
  Progress: 101/140 | Rate: 0.04/s | ETA: 18.0m
  Progress: 102/140 | Rate: 0.04/s | ETA: 17.5m
  Progress: 103/140 | Rate: 0.04/s | ETA: 16.9m
  Progress: 104/140 | Rate: 0.04/s | ETA: 16.5m
  Progress: 105/140 | Rate: 0.04/s | ETA: 15.9m
  Progress: 106/140 | Rate: 0.04/s | ETA: 15.4m
  Progress: 107/140 | Rate: 0.04/s | ETA: 14.9m
  Progress: 108/140 | Rate: 0.04/s | ETA: 14.3m
  Progress: 109/140 | Rate: 0.04/s | ETA: 13.8m
  Progress: 110/140 | Rate: 0.04/s | ETA: 13.3m
  Progress: 111/140 | Rate: 0.04/s | ETA: 12.9m
  Progress: 112/140 | Rate: 0.04/s | ETA: 12.4m
  Progress: 113/140 | Rate: 0.04/s | ETA: 11.9m
  Progress: 114/140 | Rate: 0.04/s | ETA: 11.5m
  Progress: 115/140 | Rate: 0.04/s | ETA: 11.1m
  Progress: 116/140 | Rate: 0.04/s | ETA: 10.7m
  Progress: 117/140 | Rate: 0.04/s | ETA: 10.2m
  Progress: 118/140 | Rate: 0.04/s | ETA: 9.7m
  Progress: 119/140 | Rate: 0.04/s | ETA: 9.3m
  Progress: 120/140 | Rate: 0.04/s | ETA: 8.8m
  Progress: 121/140 | Rate: 0.04/s | ETA: 8.3m
  Progress: 122/140 | Rate: 0.04/s | ETA: 7.8m
  Progress: 123/140 | Rate: 0.04/s | ETA: 7.4m
  Progress: 124/140 | Rate: 0.04/s | ETA: 6.9m
  Progress: 125/140 | Rate: 0.04/s | ETA: 6.4m
  Progress: 126/140 | Rate: 0.04/s | ETA: 6.0m
  Progress: 127/140 | Rate: 0.04/s | ETA: 5.5m
  Progress: 128/140 | Rate: 0.04/s | ETA: 5.1m
  Progress: 129/140 | Rate: 0.04/s | ETA: 4.6m
  Progress: 130/140 | Rate: 0.04/s | ETA: 4.2m
  Progress: 131/140 | Rate: 0.04/s | ETA: 3.8m
  Progress: 132/140 | Rate: 0.04/s | ETA: 3.3m
  Progress: 133/140 | Rate: 0.04/s | ETA: 2.9m
  Progress: 134/140 | Rate: 0.04/s | ETA: 2.5m
  Progress: 135/140 | Rate: 0.04/s | ETA: 2.1m
  Progress: 136/140 | Rate: 0.04/s | ETA: 1.6m
  Progress: 137/140 | Rate: 0.04/s | ETA: 1.2m
  Progress: 138/140 | Rate: 0.04/s | ETA: 0.8m
  Progress: 139/140 | Rate: 0.04/s | ETA: 0.4m
  Progress: 140/140 | Rate: 0.04/s | ETA: 0.0m

✔ Done. 140 responses in 3408.1s (0.04/s)
>>> regime=neutrality_oriented  sample=1  02:17:39Z

============================================================
  Model:   grok_4_20 (xai/grok-4.20-reasoning)
  Regime:  neutrality_oriented  |  Sample: 1  |  Run: run_20260521
  Output:  /home/satvik/Documents/CIKM/runs/run_20260521/responses/grok_4_20_neutrality_oriented_sample1_responses.jsonl
============================================================
  Remaining: 140 prompts
  Progress: 1/140 | Rate: 0.12/s | ETA: 19.1m
  Progress: 2/140 | Rate: 0.12/s | ETA: 19.7m
  Progress: 3/140 | Rate: 0.11/s | ETA: 20.2m
  Progress: 4/140 | Rate: 0.09/s | ETA: 24.1m
  Progress: 5/140 | Rate: 0.10/s | ETA: 22.8m
  Progress: 6/140 | Rate: 0.10/s | ETA: 22.6m
  Progress: 7/140 | Rate: 0.10/s | ETA: 22.7m
  Progress: 8/140 | Rate: 0.09/s | ETA: 23.4m
  Progress: 9/140 | Rate: 0.09/s | ETA: 23.5m
  Progress: 10/140 | Rate: 0.09/s | ETA: 23.2m
  Progress: 11/140 | Rate: 0.09/s | ETA: 23.4m
  Progress: 12/140 | Rate: 0.09/s | ETA: 24.8m
  Progress: 13/140 | Rate: 0.08/s | ETA: 26.3m
  Progress: 14/140 | Rate: 0.07/s | ETA: 28.2m
  Progress: 15/140 | Rate: 0.07/s | ETA: 29.1m
  Progress: 16/140 | Rate: 0.07/s | ETA: 30.1m
  Progress: 17/140 | Rate: 0.07/s | ETA: 31.2m
  Progress: 18/140 | Rate: 0.06/s | ETA: 31.9m
  Progress: 19/140 | Rate: 0.06/s | ETA: 32.8m
  Progress: 20/140 | Rate: 0.06/s | ETA: 34.0m
  Progress: 21/140 | Rate: 0.06/s | ETA: 34.2m
  Progress: 22/140 | Rate: 0.06/s | ETA: 34.5m
  Progress: 23/140 | Rate: 0.06/s | ETA: 33.9m
  Progress: 24/140 | Rate: 0.06/s | ETA: 33.0m
  Progress: 25/140 | Rate: 0.06/s | ETA: 32.4m
  Progress: 26/140 | Rate: 0.06/s | ETA: 32.1m
  Progress: 27/140 | Rate: 0.06/s | ETA: 31.2m
  Progress: 28/140 | Rate: 0.06/s | ETA: 30.8m
  Progress: 29/140 | Rate: 0.06/s | ETA: 30.8m
  Progress: 30/140 | Rate: 0.06/s | ETA: 30.3m
  Progress: 31/140 | Rate: 0.06/s | ETA: 30.6m
  Progress: 32/140 | Rate: 0.06/s | ETA: 30.6m
  Progress: 33/140 | Rate: 0.06/s | ETA: 31.0m
  Progress: 34/140 | Rate: 0.06/s | ETA: 31.2m
  Progress: 35/140 | Rate: 0.06/s | ETA: 30.9m
  Progress: 36/140 | Rate: 0.06/s | ETA: 30.8m
  Progress: 37/140 | Rate: 0.06/s | ETA: 31.0m
  Progress: 38/140 | Rate: 0.06/s | ETA: 30.6m
  Progress: 39/140 | Rate: 0.05/s | ETA: 30.6m
  Progress: 40/140 | Rate: 0.05/s | ETA: 30.6m
  Progress: 41/140 | Rate: 0.05/s | ETA: 30.4m
  Progress: 42/140 | Rate: 0.05/s | ETA: 30.3m
  Progress: 43/140 | Rate: 0.05/s | ETA: 30.1m
  Progress: 44/140 | Rate: 0.05/s | ETA: 30.0m
  Progress: 45/140 | Rate: 0.05/s | ETA: 29.7m
  Progress: 46/140 | Rate: 0.05/s | ETA: 29.5m
  Progress: 47/140 | Rate: 0.05/s | ETA: 29.3m
  Progress: 48/140 | Rate: 0.05/s | ETA: 29.2m
  Progress: 49/140 | Rate: 0.05/s | ETA: 28.9m
  Progress: 50/140 | Rate: 0.05/s | ETA: 28.9m
  Progress: 51/140 | Rate: 0.05/s | ETA: 28.3m
  Progress: 52/140 | Rate: 0.05/s | ETA: 27.8m
  Progress: 53/140 | Rate: 0.05/s | ETA: 27.3m
  Progress: 54/140 | Rate: 0.05/s | ETA: 26.8m
  Progress: 55/140 | Rate: 0.05/s | ETA: 26.5m
  Progress: 56/140 | Rate: 0.05/s | ETA: 26.0m
  Progress: 57/140 | Rate: 0.05/s | ETA: 25.5m
  Progress: 58/140 | Rate: 0.05/s | ETA: 25.1m
  Progress: 59/140 | Rate: 0.06/s | ETA: 24.5m
  Progress: 60/140 | Rate: 0.06/s | ETA: 24.0m
  Progress: 61/140 | Rate: 0.06/s | ETA: 23.7m
  Progress: 62/140 | Rate: 0.06/s | ETA: 23.3m
  Progress: 63/140 | Rate: 0.06/s | ETA: 22.9m
  Progress: 64/140 | Rate: 0.06/s | ETA: 22.7m
  Progress: 65/140 | Rate: 0.06/s | ETA: 22.3m
  Progress: 66/140 | Rate: 0.06/s | ETA: 22.0m
  Progress: 67/140 | Rate: 0.06/s | ETA: 21.6m
  Progress: 68/140 | Rate: 0.06/s | ETA: 21.2m
  Progress: 69/140 | Rate: 0.06/s | ETA: 20.8m
  Progress: 70/140 | Rate: 0.06/s | ETA: 20.4m
  Progress: 71/140 | Rate: 0.06/s | ETA: 20.1m
  Progress: 72/140 | Rate: 0.06/s | ETA: 19.9m
  Progress: 73/140 | Rate: 0.06/s | ETA: 19.7m
  Progress: 74/140 | Rate: 0.06/s | ETA: 19.5m
  Progress: 75/140 | Rate: 0.06/s | ETA: 19.2m
  Progress: 76/140 | Rate: 0.06/s | ETA: 19.0m
  Progress: 77/140 | Rate: 0.06/s | ETA: 18.6m
  Progress: 78/140 | Rate: 0.06/s | ETA: 18.3m
  Progress: 79/140 | Rate: 0.06/s | ETA: 17.9m
  Progress: 80/140 | Rate: 0.06/s | ETA: 17.6m
  Progress: 81/140 | Rate: 0.06/s | ETA: 17.3m
  Progress: 82/140 | Rate: 0.06/s | ETA: 17.1m
  Progress: 83/140 | Rate: 0.06/s | ETA: 16.8m
  Progress: 84/140 | Rate: 0.06/s | ETA: 16.6m
  Progress: 85/140 | Rate: 0.06/s | ETA: 16.3m
  Progress: 86/140 | Rate: 0.06/s | ETA: 16.0m
  Progress: 87/140 | Rate: 0.06/s | ETA: 15.7m
  Progress: 88/140 | Rate: 0.06/s | ETA: 15.4m
  Progress: 89/140 | Rate: 0.06/s | ETA: 15.1m
  Progress: 90/140 | Rate: 0.06/s | ETA: 14.8m
  Progress: 91/140 | Rate: 0.06/s | ETA: 14.4m
  Progress: 92/140 | Rate: 0.06/s | ETA: 14.1m
  Progress: 93/140 | Rate: 0.06/s | ETA: 13.8m
  Progress: 94/140 | Rate: 0.06/s | ETA: 13.4m
  Progress: 95/140 | Rate: 0.06/s | ETA: 13.1m
  Progress: 96/140 | Rate: 0.06/s | ETA: 12.8m
  Progress: 97/140 | Rate: 0.06/s | ETA: 12.4m
  Progress: 98/140 | Rate: 0.06/s | ETA: 12.1m
  Progress: 99/140 | Rate: 0.06/s | ETA: 11.8m
  Progress: 100/140 | Rate: 0.06/s | ETA: 11.5m
  Progress: 101/140 | Rate: 0.06/s | ETA: 11.2m
  Progress: 102/140 | Rate: 0.06/s | ETA: 10.9m
  Progress: 103/140 | Rate: 0.06/s | ETA: 10.6m
  Progress: 104/140 | Rate: 0.06/s | ETA: 10.4m
  Progress: 105/140 | Rate: 0.06/s | ETA: 10.1m
  Progress: 106/140 | Rate: 0.06/s | ETA: 9.8m
  Progress: 107/140 | Rate: 0.06/s | ETA: 9.5m
  Progress: 108/140 | Rate: 0.06/s | ETA: 9.2m
  Progress: 109/140 | Rate: 0.06/s | ETA: 8.9m
  Progress: 110/140 | Rate: 0.06/s | ETA: 8.6m
  Progress: 111/140 | Rate: 0.06/s | ETA: 8.4m
  Progress: 112/140 | Rate: 0.06/s | ETA: 8.1m
  Progress: 113/140 | Rate: 0.06/s | ETA: 7.9m
  Progress: 114/140 | Rate: 0.06/s | ETA: 7.6m
  Progress: 115/140 | Rate: 0.06/s | ETA: 7.4m
  Progress: 116/140 | Rate: 0.06/s | ETA: 7.1m
  Progress: 117/140 | Rate: 0.06/s | ETA: 6.9m
  Progress: 118/140 | Rate: 0.06/s | ETA: 6.6m
  Progress: 119/140 | Rate: 0.06/s | ETA: 6.3m
  Progress: 120/140 | Rate: 0.06/s | ETA: 6.0m
  Progress: 121/140 | Rate: 0.06/s | ETA: 5.7m
  Progress: 122/140 | Rate: 0.06/s | ETA: 5.3m
  Progress: 123/140 | Rate: 0.06/s | ETA: 5.0m
  Progress: 124/140 | Rate: 0.06/s | ETA: 4.7m
  Progress: 125/140 | Rate: 0.06/s | ETA: 4.4m
  Progress: 126/140 | Rate: 0.06/s | ETA: 4.1m
  Progress: 127/140 | Rate: 0.06/s | ETA: 3.8m
  Progress: 128/140 | Rate: 0.06/s | ETA: 3.5m
  Progress: 129/140 | Rate: 0.06/s | ETA: 3.2m
  Progress: 130/140 | Rate: 0.06/s | ETA: 2.9m
  Progress: 131/140 | Rate: 0.06/s | ETA: 2.6m
  Progress: 132/140 | Rate: 0.06/s | ETA: 2.3m
  Progress: 133/140 | Rate: 0.06/s | ETA: 2.0m
  Progress: 134/140 | Rate: 0.06/s | ETA: 1.8m
  Progress: 135/140 | Rate: 0.06/s | ETA: 1.5m
  Progress: 136/140 | Rate: 0.06/s | ETA: 1.2m
  Progress: 137/140 | Rate: 0.06/s | ETA: 0.9m
  Progress: 138/140 | Rate: 0.06/s | ETA: 0.6m
  Progress: 139/140 | Rate: 0.06/s | ETA: 0.3m
  Progress: 140/140 | Rate: 0.06/s | ETA: 0.0m

✔ Done. 140 responses in 2441.7s (0.06/s)
>>> regime=neutrality_oriented  sample=2  02:58:26Z

============================================================
  Model:   grok_4_20 (xai/grok-4.20-reasoning)
  Regime:  neutrality_oriented  |  Sample: 2  |  Run: run_20260521
  Output:  /home/satvik/Documents/CIKM/runs/run_20260521/responses/grok_4_20_neutrality_oriented_sample2_responses.jsonl
============================================================
  Remaining: 140 prompts
  Progress: 1/140 | Rate: 0.11/s | ETA: 21.7m
  Progress: 2/140 | Rate: 0.06/s | ETA: 35.6m
  Progress: 3/140 | Rate: 0.07/s | ETA: 31.7m
  Progress: 4/140 | Rate: 0.07/s | ETA: 34.2m
  Progress: 5/140 | Rate: 0.07/s | ETA: 31.3m
  Progress: 6/140 | Rate: 0.07/s | ETA: 30.1m
  Progress: 7/140 | Rate: 0.08/s | ETA: 29.1m
  Progress: 8/140 | Rate: 0.07/s | ETA: 30.9m
  Progress: 9/140 | Rate: 0.07/s | ETA: 30.9m
  Progress: 10/140 | Rate: 0.07/s | ETA: 31.0m
  Progress: 11/140 | Rate: 0.07/s | ETA: 32.3m
  [cat2_orig_002] [Attempt 1] HTTP 429: [{
  "error": {
    "code": 429,
    "message": "The request is throttled due to too many concurrent requests.",
    "st — waiting 60s
  Progress: 12/140 | Rate: 0.05/s | ETA: 44.8m
  Progress: 13/140 | Rate: 0.05/s | ETA: 46.1m
  Progress: 14/140 | Rate: 0.05/s | ETA: 46.4m
  Progress: 15/140 | Rate: 0.04/s | ETA: 46.5m
  Progress: 16/140 | Rate: 0.04/s | ETA: 47.1m
  Progress: 17/140 | Rate: 0.04/s | ETA: 46.5m
  Progress: 18/140 | Rate: 0.04/s | ETA: 45.8m
  Progress: 19/140 | Rate: 0.04/s | ETA: 46.0m
  Progress: 20/140 | Rate: 0.04/s | ETA: 46.3m
  Progress: 21/140 | Rate: 0.04/s | ETA: 45.6m
  Progress: 22/140 | Rate: 0.04/s | ETA: 44.6m
  Progress: 23/140 | Rate: 0.04/s | ETA: 43.9m
  Progress: 24/140 | Rate: 0.05/s | ETA: 42.7m
  Progress: 25/140 | Rate: 0.05/s | ETA: 41.7m
  Progress: 26/140 | Rate: 0.05/s | ETA: 41.0m
  Progress: 27/140 | Rate: 0.05/s | ETA: 39.8m
  Progress: 28/140 | Rate: 0.05/s | ETA: 39.1m
  Progress: 29/140 | Rate: 0.05/s | ETA: 39.0m
  Progress: 30/140 | Rate: 0.05/s | ETA: 38.2m
  Progress: 31/140 | Rate: 0.05/s | ETA: 38.1m
  Progress: 32/140 | Rate: 0.05/s | ETA: 38.0m
  Progress: 33/140 | Rate: 0.05/s | ETA: 38.0m
  Progress: 34/140 | Rate: 0.05/s | ETA: 37.7m
  Progress: 35/140 | Rate: 0.05/s | ETA: 37.6m
  Progress: 36/140 | Rate: 0.05/s | ETA: 37.3m
  Progress: 37/140 | Rate: 0.05/s | ETA: 37.5m
  Progress: 38/140 | Rate: 0.05/s | ETA: 37.2m
  Progress: 39/140 | Rate: 0.05/s | ETA: 37.1m
  Progress: 40/140 | Rate: 0.04/s | ETA: 37.1m
  Progress: 41/140 | Rate: 0.04/s | ETA: 37.0m
  Progress: 42/140 | Rate: 0.04/s | ETA: 36.9m
  Progress: 43/140 | Rate: 0.04/s | ETA: 37.0m
  Progress: 44/140 | Rate: 0.04/s | ETA: 36.7m
  Progress: 45/140 | Rate: 0.04/s | ETA: 36.4m
  Progress: 46/140 | Rate: 0.04/s | ETA: 36.2m
  Progress: 47/140 | Rate: 0.04/s | ETA: 35.8m
  Progress: 48/140 | Rate: 0.04/s | ETA: 35.7m
  Progress: 49/140 | Rate: 0.04/s | ETA: 35.4m
  Progress: 50/140 | Rate: 0.04/s | ETA: 35.2m
  Progress: 51/140 | Rate: 0.04/s | ETA: 34.4m
  Progress: 52/140 | Rate: 0.04/s | ETA: 34.0m
  Progress: 53/140 | Rate: 0.04/s | ETA: 33.3m
  Progress: 54/140 | Rate: 0.04/s | ETA: 32.8m
  Progress: 55/140 | Rate: 0.04/s | ETA: 32.3m
  Progress: 56/140 | Rate: 0.04/s | ETA: 31.7m
  Progress: 57/140 | Rate: 0.04/s | ETA: 31.0m
  Progress: 58/140 | Rate: 0.05/s | ETA: 30.3m
  Progress: 59/140 | Rate: 0.05/s | ETA: 29.6m
  Progress: 60/140 | Rate: 0.05/s | ETA: 29.0m
  Progress: 61/140 | Rate: 0.05/s | ETA: 28.6m
  Progress: 62/140 | Rate: 0.05/s | ETA: 28.1m
  Progress: 63/140 | Rate: 0.05/s | ETA: 27.6m
  Progress: 64/140 | Rate: 0.05/s | ETA: 27.2m
  Progress: 65/140 | Rate: 0.05/s | ETA: 26.7m
  Progress: 66/140 | Rate: 0.05/s | ETA: 26.2m
  Progress: 67/140 | Rate: 0.05/s | ETA: 25.8m
  Progress: 68/140 | Rate: 0.05/s | ETA: 25.3m
  Progress: 69/140 | Rate: 0.05/s | ETA: 24.8m
  Progress: 70/140 | Rate: 0.05/s | ETA: 24.3m
  Progress: 71/140 | Rate: 0.05/s | ETA: 24.0m
  Progress: 72/140 | Rate: 0.05/s | ETA: 23.6m
  Progress: 73/140 | Rate: 0.05/s | ETA: 23.3m
  Progress: 74/140 | Rate: 0.05/s | ETA: 23.1m
  Progress: 75/140 | Rate: 0.05/s | ETA: 22.8m
  Progress: 76/140 | Rate: 0.05/s | ETA: 22.4m
  Progress: 77/140 | Rate: 0.05/s | ETA: 22.1m
  Progress: 78/140 | Rate: 0.05/s | ETA: 21.8m
  Progress: 79/140 | Rate: 0.05/s | ETA: 21.5m
  [cat1_real_005] [Attempt 1] HTTP 429: [{
  "error": {
    "code": 429,
    "message": "The request is throttled due to too many concurrent requests.",
    "st — waiting 60s
  Progress: 80/140 | Rate: 0.05/s | ETA: 21.9m
  Progress: 81/140 | Rate: 0.05/s | ETA: 21.6m
  [cat2_adapted_002] [Attempt 1] HTTP 429: [{
  "error": {
    "code": 429,
    "message": "The request is throttled due to too many concurrent requests.",
    "st — waiting 60s
  Progress: 82/140 | Rate: 0.04/s | ETA: 22.0m
  Progress: 83/140 | Rate: 0.04/s | ETA: 21.6m
  Progress: 84/140 | Rate: 0.04/s | ETA: 21.4m
  Progress: 85/140 | Rate: 0.04/s | ETA: 21.1m
  Progress: 86/140 | Rate: 0.04/s | ETA: 20.7m
  Progress: 87/140 | Rate: 0.04/s | ETA: 20.3m
  Progress: 88/140 | Rate: 0.04/s | ETA: 19.8m
  Progress: 89/140 | Rate: 0.04/s | ETA: 19.5m
  [cat2_real_005] [Attempt 1] HTTP 429: [{
  "error": {
    "code": 429,
    "message": "The request is throttled due to too many concurrent requests.",
    "st — waiting 60s
  Progress: 90/140 | Rate: 0.04/s | ETA: 19.6m
  Progress: 91/140 | Rate: 0.04/s | ETA: 19.1m
  Progress: 92/140 | Rate: 0.04/s | ETA: 18.7m
  Progress: 93/140 | Rate: 0.04/s | ETA: 18.2m
  Progress: 94/140 | Rate: 0.04/s | ETA: 17.7m
  Progress: 95/140 | Rate: 0.04/s | ETA: 17.3m
  Progress: 96/140 | Rate: 0.04/s | ETA: 16.8m
  Progress: 97/140 | Rate: 0.04/s | ETA: 16.3m
  Progress: 98/140 | Rate: 0.04/s | ETA: 15.9m
  Progress: 99/140 | Rate: 0.04/s | ETA: 15.5m
  Progress: 100/140 | Rate: 0.04/s | ETA: 15.1m
  Progress: 101/140 | Rate: 0.04/s | ETA: 14.7m
  Progress: 102/140 | Rate: 0.04/s | ETA: 14.3m
  Progress: 103/140 | Rate: 0.04/s | ETA: 13.9m
  Progress: 104/140 | Rate: 0.04/s | ETA: 13.6m
  Progress: 105/140 | Rate: 0.04/s | ETA: 13.1m
  Progress: 106/140 | Rate: 0.04/s | ETA: 12.7m
  Progress: 107/140 | Rate: 0.04/s | ETA: 12.3m
  Progress: 108/140 | Rate: 0.04/s | ETA: 11.9m
  Progress: 109/140 | Rate: 0.04/s | ETA: 11.5m
  Progress: 110/140 | Rate: 0.05/s | ETA: 11.1m
  Progress: 111/140 | Rate: 0.05/s | ETA: 10.7m
  Progress: 112/140 | Rate: 0.05/s | ETA: 10.4m
  Progress: 113/140 | Rate: 0.05/s | ETA: 10.0m
  Progress: 114/140 | Rate: 0.04/s | ETA: 9.6m
  Progress: 115/140 | Rate: 0.04/s | ETA: 9.3m
  Progress: 116/140 | Rate: 0.04/s | ETA: 8.9m
  Progress: 117/140 | Rate: 0.04/s | ETA: 8.6m
  Progress: 118/140 | Rate: 0.04/s | ETA: 8.2m
  Progress: 119/140 | Rate: 0.04/s | ETA: 7.8m
  Progress: 120/140 | Rate: 0.04/s | ETA: 7.4m
  Progress: 121/140 | Rate: 0.05/s | ETA: 7.0m
  Progress: 122/140 | Rate: 0.05/s | ETA: 6.6m
  Progress: 123/140 | Rate: 0.05/s | ETA: 6.2m
  Progress: 124/140 | Rate: 0.05/s | ETA: 5.8m
  Progress: 125/140 | Rate: 0.05/s | ETA: 5.5m
  Progress: 126/140 | Rate: 0.05/s | ETA: 5.1m
  Progress: 127/140 | Rate: 0.05/s | ETA: 4.7m
  Progress: 128/140 | Rate: 0.05/s | ETA: 4.3m
  Progress: 129/140 | Rate: 0.05/s | ETA: 4.0m
  Progress: 130/140 | Rate: 0.05/s | ETA: 3.6m
  Progress: 131/140 | Rate: 0.05/s | ETA: 3.2m
  Progress: 132/140 | Rate: 0.05/s | ETA: 2.9m
  Progress: 133/140 | Rate: 0.05/s | ETA: 2.5m
  Progress: 134/140 | Rate: 0.05/s | ETA: 2.1m
  Progress: 135/140 | Rate: 0.05/s | ETA: 1.8m
  Progress: 136/140 | Rate: 0.05/s | ETA: 1.4m
  Progress: 137/140 | Rate: 0.05/s | ETA: 1.1m
  Progress: 138/140 | Rate: 0.05/s | ETA: 0.7m
  Progress: 139/140 | Rate: 0.05/s | ETA: 0.4m
  Progress: 140/140 | Rate: 0.05/s | ETA: 0.0m

✔ Done. 140 responses in 2957.0s (0.05/s)
>>> regime=clarification_first  sample=0  03:47:48Z

============================================================
  Model:   grok_4_20 (xai/grok-4.20-reasoning)
  Regime:  clarification_first  |  Sample: 0  |  Run: run_20260521
  Output:  /home/satvik/Documents/CIKM/runs/run_20260521/responses/grok_4_20_clarification_first_sample0_responses.jsonl
============================================================
  Remaining: 140 prompts
  Progress: 1/140 | Rate: 0.28/s | ETA: 8.2m
  Progress: 2/140 | Rate: 0.17/s | ETA: 13.8m
  Progress: 3/140 | Rate: 0.17/s | ETA: 13.3m
  Progress: 4/140 | Rate: 0.15/s | ETA: 14.9m
  Progress: 5/140 | Rate: 0.16/s | ETA: 14.0m
  Progress: 6/140 | Rate: 0.16/s | ETA: 13.7m
  Progress: 7/140 | Rate: 0.17/s | ETA: 12.9m
  Progress: 8/140 | Rate: 0.17/s | ETA: 13.3m
  Progress: 9/140 | Rate: 0.16/s | ETA: 13.3m
  Progress: 10/140 | Rate: 0.16/s | ETA: 13.3m
  Progress: 11/140 | Rate: 0.15/s | ETA: 13.9m
  Progress: 12/140 | Rate: 0.14/s | ETA: 15.1m
  Progress: 13/140 | Rate: 0.12/s | ETA: 17.9m
  Progress: 14/140 | Rate: 0.10/s | ETA: 20.1m
  Progress: 15/140 | Rate: 0.09/s | ETA: 22.3m
  Progress: 16/140 | Rate: 0.08/s | ETA: 24.5m
  Progress: 17/140 | Rate: 0.08/s | ETA: 24.2m
  Progress: 18/140 | Rate: 0.09/s | ETA: 23.6m
  Progress: 19/140 | Rate: 0.08/s | ETA: 25.3m
  Progress: 20/140 | Rate: 0.07/s | ETA: 26.7m
  Progress: 21/140 | Rate: 0.08/s | ETA: 25.8m
  Progress: 22/140 | Rate: 0.08/s | ETA: 24.9m
  Progress: 23/140 | Rate: 0.08/s | ETA: 24.3m
  Progress: 24/140 | Rate: 0.08/s | ETA: 23.6m
  Progress: 25/140 | Rate: 0.08/s | ETA: 22.9m
  Progress: 26/140 | Rate: 0.09/s | ETA: 22.3m
  Progress: 27/140 | Rate: 0.09/s | ETA: 21.7m
  Progress: 28/140 | Rate: 0.09/s | ETA: 21.3m
  Progress: 29/140 | Rate: 0.09/s | ETA: 20.7m
  Progress: 30/140 | Rate: 0.09/s | ETA: 20.1m
  Progress: 31/140 | Rate: 0.09/s | ETA: 20.8m
  Progress: 32/140 | Rate: 0.08/s | ETA: 21.2m
  Progress: 33/140 | Rate: 0.08/s | ETA: 21.1m
  Progress: 34/140 | Rate: 0.08/s | ETA: 20.8m
  Progress: 35/140 | Rate: 0.08/s | ETA: 21.0m
  Progress: 36/140 | Rate: 0.08/s | ETA: 21.2m
  Progress: 37/140 | Rate: 0.08/s | ETA: 21.1m
  Progress: 38/140 | Rate: 0.08/s | ETA: 21.2m
  Progress: 39/140 | Rate: 0.08/s | ETA: 21.2m
  Progress: 40/140 | Rate: 0.08/s | ETA: 21.5m
  Progress: 41/140 | Rate: 0.08/s | ETA: 21.1m
  Progress: 42/140 | Rate: 0.08/s | ETA: 21.3m
  Progress: 43/140 | Rate: 0.08/s | ETA: 20.9m
  Progress: 44/140 | Rate: 0.08/s | ETA: 20.9m
  Progress: 45/140 | Rate: 0.08/s | ETA: 20.6m
  Progress: 46/140 | Rate: 0.08/s | ETA: 20.8m
  Progress: 47/140 | Rate: 0.07/s | ETA: 20.8m
  Progress: 48/140 | Rate: 0.08/s | ETA: 20.4m
  Progress: 49/140 | Rate: 0.08/s | ETA: 20.0m
  Progress: 50/140 | Rate: 0.07/s | ETA: 20.6m
  Progress: 51/140 | Rate: 0.07/s | ETA: 20.2m
  Progress: 52/140 | Rate: 0.07/s | ETA: 20.0m
  Progress: 53/140 | Rate: 0.07/s | ETA: 19.6m
  Progress: 54/140 | Rate: 0.07/s | ETA: 19.5m
  Progress: 55/140 | Rate: 0.07/s | ETA: 19.2m
  Progress: 56/140 | Rate: 0.07/s | ETA: 18.8m
  Progress: 57/140 | Rate: 0.07/s | ETA: 18.6m
  Progress: 58/140 | Rate: 0.08/s | ETA: 18.2m
  Progress: 59/140 | Rate: 0.08/s | ETA: 17.9m
  Progress: 60/140 | Rate: 0.08/s | ETA: 17.6m
  Progress: 61/140 | Rate: 0.08/s | ETA: 17.3m
  Progress: 62/140 | Rate: 0.08/s | ETA: 16.9m
  Progress: 63/140 | Rate: 0.08/s | ETA: 16.5m
  Progress: 64/140 | Rate: 0.08/s | ETA: 16.2m
  Progress: 65/140 | Rate: 0.08/s | ETA: 15.9m
  Progress: 66/140 | Rate: 0.08/s | ETA: 15.6m
  Progress: 67/140 | Rate: 0.08/s | ETA: 15.3m
  Progress: 68/140 | Rate: 0.08/s | ETA: 15.0m
  Progress: 69/140 | Rate: 0.08/s | ETA: 14.6m
  Progress: 70/140 | Rate: 0.08/s | ETA: 14.3m
  Progress: 71/140 | Rate: 0.08/s | ETA: 14.0m
  Progress: 72/140 | Rate: 0.08/s | ETA: 13.7m
  Progress: 73/140 | Rate: 0.08/s | ETA: 13.4m
  Progress: 74/140 | Rate: 0.08/s | ETA: 13.1m
  Progress: 75/140 | Rate: 0.08/s | ETA: 12.8m
  Progress: 76/140 | Rate: 0.08/s | ETA: 12.7m
  Progress: 77/140 | Rate: 0.08/s | ETA: 12.5m
  Progress: 78/140 | Rate: 0.08/s | ETA: 12.3m
  Progress: 79/140 | Rate: 0.08/s | ETA: 12.1m
  Progress: 80/140 | Rate: 0.08/s | ETA: 11.8m
  Progress: 81/140 | Rate: 0.08/s | ETA: 11.7m
  Progress: 82/140 | Rate: 0.08/s | ETA: 11.7m
  Progress: 83/140 | Rate: 0.08/s | ETA: 11.4m
  Progress: 84/140 | Rate: 0.08/s | ETA: 11.3m
  Progress: 85/140 | Rate: 0.08/s | ETA: 11.1m
  Progress: 86/140 | Rate: 0.08/s | ETA: 10.9m
  Progress: 87/140 | Rate: 0.08/s | ETA: 10.7m
  Progress: 88/140 | Rate: 0.08/s | ETA: 10.5m
  Progress: 89/140 | Rate: 0.08/s | ETA: 10.4m
  Progress: 90/140 | Rate: 0.08/s | ETA: 10.2m
  Progress: 91/140 | Rate: 0.08/s | ETA: 10.0m
  Progress: 92/140 | Rate: 0.08/s | ETA: 9.7m
  Progress: 93/140 | Rate: 0.08/s | ETA: 9.4m
  Progress: 94/140 | Rate: 0.08/s | ETA: 9.2m
  Progress: 95/140 | Rate: 0.08/s | ETA: 9.0m
  Progress: 96/140 | Rate: 0.08/s | ETA: 8.7m
  Progress: 97/140 | Rate: 0.08/s | ETA: 8.5m
  Progress: 98/140 | Rate: 0.08/s | ETA: 8.3m
  Progress: 99/140 | Rate: 0.08/s | ETA: 8.0m
  Progress: 100/140 | Rate: 0.09/s | ETA: 7.8m
  Progress: 101/140 | Rate: 0.09/s | ETA: 7.6m
  Progress: 102/140 | Rate: 0.08/s | ETA: 7.5m
  Progress: 103/140 | Rate: 0.08/s | ETA: 7.3m
  Progress: 104/140 | Rate: 0.08/s | ETA: 7.3m
  Progress: 105/140 | Rate: 0.08/s | ETA: 7.1m
  Progress: 106/140 | Rate: 0.08/s | ETA: 6.9m
  Progress: 107/140 | Rate: 0.08/s | ETA: 6.7m
  Progress: 108/140 | Rate: 0.08/s | ETA: 6.5m
  Progress: 109/140 | Rate: 0.08/s | ETA: 6.3m
  Progress: 110/140 | Rate: 0.08/s | ETA: 6.1m
  Progress: 111/140 | Rate: 0.08/s | ETA: 5.9m
  Progress: 112/140 | Rate: 0.08/s | ETA: 5.8m
  Progress: 113/140 | Rate: 0.08/s | ETA: 5.6m
  Progress: 114/140 | Rate: 0.08/s | ETA: 5.3m
  Progress: 115/140 | Rate: 0.08/s | ETA: 5.2m
  Progress: 116/140 | Rate: 0.08/s | ETA: 5.0m
  Progress: 117/140 | Rate: 0.08/s | ETA: 4.8m
  Progress: 118/140 | Rate: 0.08/s | ETA: 4.6m
  Progress: 119/140 | Rate: 0.08/s | ETA: 4.3m
  Progress: 120/140 | Rate: 0.08/s | ETA: 4.1m
  Progress: 121/140 | Rate: 0.08/s | ETA: 3.9m
  Progress: 122/140 | Rate: 0.08/s | ETA: 3.7m
  Progress: 123/140 | Rate: 0.08/s | ETA: 3.5m
  Progress: 124/140 | Rate: 0.08/s | ETA: 3.3m
  Progress: 125/140 | Rate: 0.08/s | ETA: 3.1m
  Progress: 126/140 | Rate: 0.08/s | ETA: 2.9m
  Progress: 127/140 | Rate: 0.08/s | ETA: 2.7m
  Progress: 128/140 | Rate: 0.08/s | ETA: 2.4m
  Progress: 129/140 | Rate: 0.08/s | ETA: 2.2m
  Progress: 130/140 | Rate: 0.08/s | ETA: 2.0m
  Progress: 131/140 | Rate: 0.08/s | ETA: 1.8m
  Progress: 132/140 | Rate: 0.08/s | ETA: 1.6m
  Progress: 133/140 | Rate: 0.08/s | ETA: 1.4m
  Progress: 134/140 | Rate: 0.08/s | ETA: 1.2m
  Progress: 135/140 | Rate: 0.08/s | ETA: 1.0m
  Progress: 136/140 | Rate: 0.08/s | ETA: 0.8m
  Progress: 137/140 | Rate: 0.08/s | ETA: 0.6m
  Progress: 138/140 | Rate: 0.08/s | ETA: 0.4m
  Progress: 139/140 | Rate: 0.09/s | ETA: 0.2m
  Progress: 140/140 | Rate: 0.09/s | ETA: 0.0m

✔ Done. 140 responses in 1641.4s (0.09/s)
>>> regime=clarification_first  sample=1  04:15:15Z

============================================================
  Model:   grok_4_20 (xai/grok-4.20-reasoning)
  Regime:  clarification_first  |  Sample: 1  |  Run: run_20260521
  Output:  /home/satvik/Documents/CIKM/runs/run_20260521/responses/grok_4_20_clarification_first_sample1_responses.jsonl
============================================================
  Remaining: 140 prompts
  Progress: 1/140 | Rate: 0.16/s | ETA: 14.4m
  Progress: 2/140 | Rate: 0.10/s | ETA: 23.6m
  Progress: 3/140 | Rate: 0.12/s | ETA: 19.5m
  Progress: 4/140 | Rate: 0.12/s | ETA: 19.1m
  Progress: 5/140 | Rate: 0.13/s | ETA: 17.3m
  Progress: 6/140 | Rate: 0.14/s | ETA: 16.4m
  Progress: 7/140 | Rate: 0.14/s | ETA: 15.5m
  Progress: 8/140 | Rate: 0.14/s | ETA: 15.5m
  Progress: 9/140 | Rate: 0.14/s | ETA: 15.1m
  Progress: 10/140 | Rate: 0.15/s | ETA: 14.9m
  [cat2_orig_001] [Attempt 1] HTTP 429: [{
  "error": {
    "code": 429,
    "message": "The request is throttled due to too many concurrent requests.",
    "st — waiting 60s
  Progress: 11/140 | Rate: 0.08/s | ETA: 26.9m
  Progress: 12/140 | Rate: 0.07/s | ETA: 29.2m
  Progress: 13/140 | Rate: 0.07/s | ETA: 30.5m
  Progress: 14/140 | Rate: 0.06/s | ETA: 32.4m
  Progress: 15/140 | Rate: 0.06/s | ETA: 32.4m
  Progress: 16/140 | Rate: 0.06/s | ETA: 33.1m
  Progress: 17/140 | Rate: 0.06/s | ETA: 33.8m
  Progress: 18/140 | Rate: 0.06/s | ETA: 33.1m
  Progress: 19/140 | Rate: 0.06/s | ETA: 33.7m
  Progress: 20/140 | Rate: 0.06/s | ETA: 33.9m
  Progress: 21/140 | Rate: 0.06/s | ETA: 32.5m
  Progress: 22/140 | Rate: 0.06/s | ETA: 31.2m
  Progress: 23/140 | Rate: 0.06/s | ETA: 30.6m
  Progress: 24/140 | Rate: 0.07/s | ETA: 29.7m
  Progress: 25/140 | Rate: 0.07/s | ETA: 28.8m
  Progress: 26/140 | Rate: 0.07/s | ETA: 27.9m
  Progress: 27/140 | Rate: 0.07/s | ETA: 27.0m
  Progress: 28/140 | Rate: 0.07/s | ETA: 26.3m
  Progress: 29/140 | Rate: 0.07/s | ETA: 25.6m
  Progress: 30/140 | Rate: 0.07/s | ETA: 24.8m
  Progress: 31/140 | Rate: 0.07/s | ETA: 25.2m
  Progress: 32/140 | Rate: 0.07/s | ETA: 25.4m
  Progress: 33/140 | Rate: 0.07/s | ETA: 25.0m
  Progress: 34/140 | Rate: 0.07/s | ETA: 24.5m
  Progress: 35/140 | Rate: 0.07/s | ETA: 24.1m
  Progress: 36/140 | Rate: 0.07/s | ETA: 24.1m
  Progress: 37/140 | Rate: 0.07/s | ETA: 24.3m
  Progress: 38/140 | Rate: 0.07/s | ETA: 24.4m
  Progress: 39/140 | Rate: 0.07/s | ETA: 24.0m
  Progress: 40/140 | Rate: 0.07/s | ETA: 24.4m
  Progress: 41/140 | Rate: 0.07/s | ETA: 24.1m
  Progress: 42/140 | Rate: 0.07/s | ETA: 24.3m
  Progress: 43/140 | Rate: 0.07/s | ETA: 23.9m
  Progress: 44/140 | Rate: 0.07/s | ETA: 24.1m
  Progress: 45/140 | Rate: 0.07/s | ETA: 23.7m
  Progress: 46/140 | Rate: 0.06/s | ETA: 24.1m
  Progress: 47/140 | Rate: 0.06/s | ETA: 23.9m
  Progress: 48/140 | Rate: 0.06/s | ETA: 23.7m
  Progress: 49/140 | Rate: 0.07/s | ETA: 23.2m
  Progress: 50/140 | Rate: 0.06/s | ETA: 23.6m
  Progress: 51/140 | Rate: 0.06/s | ETA: 23.1m
  Progress: 52/140 | Rate: 0.06/s | ETA: 23.1m
  Progress: 53/140 | Rate: 0.06/s | ETA: 22.7m
  Progress: 54/140 | Rate: 0.06/s | ETA: 22.3m
  Progress: 55/140 | Rate: 0.06/s | ETA: 22.0m
  Progress: 56/140 | Rate: 0.06/s | ETA: 21.6m
  Progress: 57/140 | Rate: 0.06/s | ETA: 21.3m
  Progress: 58/140 | Rate: 0.07/s | ETA: 20.9m
  Progress: 59/140 | Rate: 0.07/s | ETA: 20.5m
  Progress: 60/140 | Rate: 0.07/s | ETA: 20.2m
  Progress: 61/140 | Rate: 0.07/s | ETA: 19.8m
  Progress: 62/140 | Rate: 0.07/s | ETA: 19.4m
  Progress: 63/140 | Rate: 0.07/s | ETA: 19.2m
  Progress: 64/140 | Rate: 0.07/s | ETA: 18.8m
  Progress: 65/140 | Rate: 0.07/s | ETA: 18.4m
  Progress: 66/140 | Rate: 0.07/s | ETA: 18.1m
  Progress: 67/140 | Rate: 0.07/s | ETA: 17.7m
  Progress: 68/140 | Rate: 0.07/s | ETA: 17.3m
  Progress: 69/140 | Rate: 0.07/s | ETA: 16.9m
  Progress: 70/140 | Rate: 0.07/s | ETA: 16.5m
  Progress: 71/140 | Rate: 0.07/s | ETA: 16.1m
  [cat1_adapted_002] [Attempt 1] HTTP 429: [{
  "error": {
    "code": 429,
    "message": "The request is throttled due to too many concurrent requests.",
    "st — waiting 60s
  [cat1_adapted_002] [Attempt 2] HTTP 429: [{
  "error": {
    "code": 429,
    "message": "The request is throttled due to too many concurrent requests.",
    "st — waiting 60s
  Progress: 72/140 | Rate: 0.06/s | ETA: 17.7m
  Progress: 73/140 | Rate: 0.06/s | ETA: 17.3m
  Progress: 74/140 | Rate: 0.06/s | ETA: 17.0m
  Progress: 75/140 | Rate: 0.07/s | ETA: 16.6m
  Progress: 76/140 | Rate: 0.07/s | ETA: 16.4m
  Progress: 77/140 | Rate: 0.07/s | ETA: 16.0m
  Progress: 78/140 | Rate: 0.07/s | ETA: 15.7m
  Progress: 79/140 | Rate: 0.07/s | ETA: 15.4m
  Progress: 80/140 | Rate: 0.07/s | ETA: 15.1m
  Progress: 81/140 | Rate: 0.07/s | ETA: 14.8m
  Progress: 82/140 | Rate: 0.07/s | ETA: 14.7m
  Progress: 83/140 | Rate: 0.07/s | ETA: 14.4m
  Progress: 84/140 | Rate: 0.07/s | ETA: 14.3m
  Progress: 85/140 | Rate: 0.06/s | ETA: 14.2m
  Progress: 86/140 | Rate: 0.06/s | ETA: 13.9m
  Progress: 87/140 | Rate: 0.06/s | ETA: 13.7m
  Progress: 88/140 | Rate: 0.06/s | ETA: 13.5m
  Progress: 89/140 | Rate: 0.06/s | ETA: 13.2m
  Progress: 90/140 | Rate: 0.06/s | ETA: 12.9m
  Progress: 91/140 | Rate: 0.07/s | ETA: 12.5m
  Progress: 92/140 | Rate: 0.07/s | ETA: 12.2m
  Progress: 93/140 | Rate: 0.07/s | ETA: 11.8m
  Progress: 94/140 | Rate: 0.07/s | ETA: 11.5m
  Progress: 95/140 | Rate: 0.07/s | ETA: 11.2m
  Progress: 96/140 | Rate: 0.07/s | ETA: 10.8m
  Progress: 97/140 | Rate: 0.07/s | ETA: 10.5m
  Progress: 98/140 | Rate: 0.07/s | ETA: 10.2m
  Progress: 99/140 | Rate: 0.07/s | ETA: 9.9m
  Progress: 100/140 | Rate: 0.07/s | ETA: 9.6m
  Progress: 101/140 | Rate: 0.07/s | ETA: 9.4m
  Progress: 102/140 | Rate: 0.07/s | ETA: 9.2m
  Progress: 103/140 | Rate: 0.07/s | ETA: 8.9m
  Progress: 104/140 | Rate: 0.07/s | ETA: 8.8m
  Progress: 105/140 | Rate: 0.07/s | ETA: 8.5m
  Progress: 106/140 | Rate: 0.07/s | ETA: 8.2m
  Progress: 107/140 | Rate: 0.07/s | ETA: 8.0m
  Progress: 108/140 | Rate: 0.07/s | ETA: 7.7m
  Progress: 109/140 | Rate: 0.07/s | ETA: 7.5m
  Progress: 110/140 | Rate: 0.07/s | ETA: 7.2m
  Progress: 111/140 | Rate: 0.07/s | ETA: 7.0m
  Progress: 112/140 | Rate: 0.07/s | ETA: 6.8m
  Progress: 113/140 | Rate: 0.07/s | ETA: 6.6m
  Progress: 114/140 | Rate: 0.07/s | ETA: 6.3m
  Progress: 115/140 | Rate: 0.07/s | ETA: 6.2m
  Progress: 116/140 | Rate: 0.07/s | ETA: 6.0m
  Progress: 117/140 | Rate: 0.07/s | ETA: 5.7m
  Progress: 118/140 | Rate: 0.07/s | ETA: 5.5m
  Progress: 119/140 | Rate: 0.07/s | ETA: 5.2m
  Progress: 120/140 | Rate: 0.07/s | ETA: 4.9m
  Progress: 121/140 | Rate: 0.07/s | ETA: 4.7m
  Progress: 122/140 | Rate: 0.07/s | ETA: 4.4m
  Progress: 123/140 | Rate: 0.07/s | ETA: 4.2m
  Progress: 124/140 | Rate: 0.07/s | ETA: 3.9m
  Progress: 125/140 | Rate: 0.07/s | ETA: 3.7m
  Progress: 126/140 | Rate: 0.07/s | ETA: 3.4m
  Progress: 127/140 | Rate: 0.07/s | ETA: 3.2m
  Progress: 128/140 | Rate: 0.07/s | ETA: 2.9m
  Progress: 129/140 | Rate: 0.07/s | ETA: 2.7m
  Progress: 130/140 | Rate: 0.07/s | ETA: 2.4m
  Progress: 131/140 | Rate: 0.07/s | ETA: 2.2m
  Progress: 132/140 | Rate: 0.07/s | ETA: 1.9m
  Progress: 133/140 | Rate: 0.07/s | ETA: 1.7m
  Progress: 134/140 | Rate: 0.07/s | ETA: 1.4m
  Progress: 135/140 | Rate: 0.07/s | ETA: 1.2m
  Progress: 136/140 | Rate: 0.07/s | ETA: 0.9m
  Progress: 137/140 | Rate: 0.07/s | ETA: 0.7m
  Progress: 138/140 | Rate: 0.07/s | ETA: 0.5m
  Progress: 139/140 | Rate: 0.07/s | ETA: 0.2m
  Progress: 140/140 | Rate: 0.07/s | ETA: 0.0m

✔ Done. 140 responses in 1941.2s (0.07/s)
>>> regime=clarification_first  sample=2  04:47:38Z

============================================================
  Model:   grok_4_20 (xai/grok-4.20-reasoning)
  Regime:  clarification_first  |  Sample: 2  |  Run: run_20260521
  Output:  /home/satvik/Documents/CIKM/runs/run_20260521/responses/grok_4_20_clarification_first_sample2_responses.jsonl
============================================================
  Remaining: 140 prompts
  Progress: 1/140 | Rate: 0.29/s | ETA: 8.0m
  Progress: 2/140 | Rate: 0.12/s | ETA: 19.1m
  Progress: 3/140 | Rate: 0.14/s | ETA: 16.6m
  Progress: 4/140 | Rate: 0.14/s | ETA: 16.8m
  Progress: 5/140 | Rate: 0.15/s | ETA: 15.1m
  Progress: 6/140 | Rate: 0.15/s | ETA: 14.6m
  Progress: 7/140 | Rate: 0.16/s | ETA: 14.0m
  Progress: 8/140 | Rate: 0.16/s | ETA: 13.8m
  Progress: 9/140 | Rate: 0.16/s | ETA: 13.4m
  Progress: 10/140 | Rate: 0.16/s | ETA: 13.7m
  Progress: 11/140 | Rate: 0.16/s | ETA: 13.4m
  Progress: 12/140 | Rate: 0.14/s | ETA: 15.5m
  Progress: 13/140 | Rate: 0.12/s | ETA: 18.3m
  Progress: 14/140 | Rate: 0.10/s | ETA: 20.3m
  Progress: 15/140 | Rate: 0.09/s | ETA: 22.0m
  Progress: 16/140 | Rate: 0.09/s | ETA: 23.9m
  Progress: 17/140 | Rate: 0.08/s | ETA: 24.8m
  Progress: 18/140 | Rate: 0.08/s | ETA: 24.2m
  Progress: 19/140 | Rate: 0.08/s | ETA: 25.8m
  Progress: 20/140 | Rate: 0.08/s | ETA: 26.6m
  Progress: 21/140 | Rate: 0.08/s | ETA: 25.7m
  Progress: 22/140 | Rate: 0.08/s | ETA: 24.8m
  Progress: 23/140 | Rate: 0.08/s | ETA: 24.4m
  Progress: 24/140 | Rate: 0.08/s | ETA: 23.8m
  Progress: 25/140 | Rate: 0.08/s | ETA: 23.1m
  Progress: 26/140 | Rate: 0.08/s | ETA: 22.6m
  Progress: 27/140 | Rate: 0.09/s | ETA: 22.0m
  Progress: 28/140 | Rate: 0.09/s | ETA: 21.3m
  Progress: 29/140 | Rate: 0.09/s | ETA: 20.8m
  Progress: 30/140 | Rate: 0.09/s | ETA: 20.3m
  Progress: 31/140 | Rate: 0.09/s | ETA: 21.2m
  Progress: 32/140 | Rate: 0.08/s | ETA: 21.4m
  Progress: 33/140 | Rate: 0.08/s | ETA: 21.4m
  Progress: 34/140 | Rate: 0.08/s | ETA: 21.0m
  Progress: 35/140 | Rate: 0.08/s | ETA: 20.6m
  Progress: 36/140 | Rate: 0.08/s | ETA: 20.9m
  Progress: 37/140 | Rate: 0.08/s | ETA: 21.0m
  Progress: 38/140 | Rate: 0.08/s | ETA: 21.2m
  Progress: 39/140 | Rate: 0.08/s | ETA: 21.3m
  Progress: 40/140 | Rate: 0.08/s | ETA: 21.9m
  Progress: 41/140 | Rate: 0.08/s | ETA: 21.7m
  Progress: 42/140 | Rate: 0.08/s | ETA: 21.4m
  Progress: 43/140 | Rate: 0.08/s | ETA: 21.0m
  Progress: 44/140 | Rate: 0.08/s | ETA: 21.0m
  Progress: 45/140 | Rate: 0.08/s | ETA: 20.6m
  Progress: 46/140 | Rate: 0.08/s | ETA: 20.8m
  Progress: 47/140 | Rate: 0.07/s | ETA: 20.9m
  Progress: 48/140 | Rate: 0.07/s | ETA: 20.7m
  Progress: 49/140 | Rate: 0.07/s | ETA: 20.4m
  Progress: 50/140 | Rate: 0.07/s | ETA: 20.9m
  Progress: 51/140 | Rate: 0.07/s | ETA: 20.5m
  Progress: 52/140 | Rate: 0.07/s | ETA: 20.3m
  Progress: 53/140 | Rate: 0.07/s | ETA: 19.9m
  Progress: 54/140 | Rate: 0.07/s | ETA: 19.8m
  Progress: 55/140 | Rate: 0.07/s | ETA: 19.4m
  Progress: 56/140 | Rate: 0.07/s | ETA: 19.1m
  Progress: 57/140 | Rate: 0.07/s | ETA: 18.7m
  Progress: 58/140 | Rate: 0.07/s | ETA: 18.4m
  Progress: 59/140 | Rate: 0.07/s | ETA: 18.0m
  Progress: 60/140 | Rate: 0.08/s | ETA: 17.8m
  Progress: 61/140 | Rate: 0.08/s | ETA: 17.4m
  Progress: 62/140 | Rate: 0.08/s | ETA: 17.0m
  Progress: 63/140 | Rate: 0.08/s | ETA: 17.0m
  Progress: 64/140 | Rate: 0.08/s | ETA: 16.6m
  Progress: 65/140 | Rate: 0.08/s | ETA: 16.3m
  Progress: 66/140 | Rate: 0.08/s | ETA: 15.9m
  Progress: 67/140 | Rate: 0.08/s | ETA: 15.7m
  Progress: 68/140 | Rate: 0.08/s | ETA: 15.3m
  Progress: 69/140 | Rate: 0.08/s | ETA: 15.0m
  Progress: 70/140 | Rate: 0.08/s | ETA: 14.6m
  Progress: 71/140 | Rate: 0.08/s | ETA: 14.3m
  Progress: 72/140 | Rate: 0.08/s | ETA: 14.0m
  Progress: 73/140 | Rate: 0.08/s | ETA: 13.7m
  Progress: 74/140 | Rate: 0.08/s | ETA: 13.4m
  Progress: 75/140 | Rate: 0.08/s | ETA: 13.2m
  Progress: 76/140 | Rate: 0.08/s | ETA: 13.0m
  Progress: 77/140 | Rate: 0.08/s | ETA: 12.8m
  Progress: 78/140 | Rate: 0.08/s | ETA: 12.5m
  Progress: 79/140 | Rate: 0.08/s | ETA: 12.3m
  Progress: 80/140 | Rate: 0.08/s | ETA: 12.0m
  Progress: 81/140 | Rate: 0.08/s | ETA: 11.8m
  Progress: 82/140 | Rate: 0.08/s | ETA: 11.7m
  Progress: 83/140 | Rate: 0.08/s | ETA: 11.4m
  Progress: 84/140 | Rate: 0.08/s | ETA: 11.4m
  Progress: 85/140 | Rate: 0.08/s | ETA: 11.2m
  Progress: 86/140 | Rate: 0.08/s | ETA: 11.0m
  Progress: 87/140 | Rate: 0.08/s | ETA: 10.8m
  Progress: 88/140 | Rate: 0.08/s | ETA: 10.7m
  Progress: 89/140 | Rate: 0.08/s | ETA: 10.5m
  Progress: 90/140 | Rate: 0.08/s | ETA: 10.3m
  Progress: 91/140 | Rate: 0.08/s | ETA: 10.0m
  Progress: 92/140 | Rate: 0.08/s | ETA: 9.8m
  Progress: 93/140 | Rate: 0.08/s | ETA: 9.5m
  Progress: 94/140 | Rate: 0.08/s | ETA: 9.3m
  Progress: 95/140 | Rate: 0.08/s | ETA: 9.0m
  Progress: 96/140 | Rate: 0.08/s | ETA: 8.8m
  Progress: 97/140 | Rate: 0.08/s | ETA: 8.5m
  Progress: 98/140 | Rate: 0.08/s | ETA: 8.3m
  Progress: 99/140 | Rate: 0.08/s | ETA: 8.1m
  Progress: 100/140 | Rate: 0.09/s | ETA: 7.8m
  Progress: 101/140 | Rate: 0.09/s | ETA: 7.6m
  Progress: 102/140 | Rate: 0.08/s | ETA: 7.5m
  Progress: 103/140 | Rate: 0.08/s | ETA: 7.3m
  Progress: 104/140 | Rate: 0.08/s | ETA: 7.2m
  Progress: 105/140 | Rate: 0.08/s | ETA: 7.0m
  Progress: 106/140 | Rate: 0.08/s | ETA: 6.8m
  Progress: 107/140 | Rate: 0.08/s | ETA: 6.6m
  Progress: 108/140 | Rate: 0.08/s | ETA: 6.4m
  [cat4_real_004] [Attempt 1] HTTP 429: [{
  "error": {
    "code": 429,
    "message": "The request is throttled due to too many concurrent requests.",
    "st — waiting 60s
  Progress: 109/140 | Rate: 0.08/s | ETA: 6.5m
  Progress: 110/140 | Rate: 0.08/s | ETA: 6.3m
  Progress: 111/140 | Rate: 0.08/s | ETA: 6.1m
  Progress: 112/140 | Rate: 0.08/s | ETA: 5.9m
  Progress: 113/140 | Rate: 0.08/s | ETA: 5.7m
  Progress: 114/140 | Rate: 0.08/s | ETA: 5.5m
  Progress: 115/140 | Rate: 0.08/s | ETA: 5.2m
  Progress: 116/140 | Rate: 0.08/s | ETA: 5.0m
  Progress: 117/140 | Rate: 0.08/s | ETA: 4.8m
  Progress: 118/140 | Rate: 0.08/s | ETA: 4.6m
  Progress: 119/140 | Rate: 0.08/s | ETA: 4.4m
  Progress: 120/140 | Rate: 0.08/s | ETA: 4.2m
  Progress: 121/140 | Rate: 0.08/s | ETA: 4.0m
  Progress: 122/140 | Rate: 0.08/s | ETA: 3.7m
  Progress: 123/140 | Rate: 0.08/s | ETA: 3.5m
  Progress: 124/140 | Rate: 0.08/s | ETA: 3.3m
  Progress: 125/140 | Rate: 0.08/s | ETA: 3.1m
  Progress: 126/140 | Rate: 0.08/s | ETA: 2.9m
  Progress: 127/140 | Rate: 0.08/s | ETA: 2.7m
  Progress: 128/140 | Rate: 0.08/s | ETA: 2.5m
  Progress: 129/140 | Rate: 0.08/s | ETA: 2.3m
  Progress: 130/140 | Rate: 0.08/s | ETA: 2.1m
  Progress: 131/140 | Rate: 0.08/s | ETA: 1.8m
  Progress: 132/140 | Rate: 0.08/s | ETA: 1.6m
  Progress: 133/140 | Rate: 0.08/s | ETA: 1.4m
  Progress: 134/140 | Rate: 0.08/s | ETA: 1.2m
  Progress: 135/140 | Rate: 0.08/s | ETA: 1.0m
  Progress: 136/140 | Rate: 0.08/s | ETA: 0.8m
  Progress: 137/140 | Rate: 0.08/s | ETA: 0.6m
  Progress: 138/140 | Rate: 0.08/s | ETA: 0.4m
  Progress: 139/140 | Rate: 0.08/s | ETA: 0.2m
  Progress: 140/140 | Rate: 0.08/s | ETA: 0.0m

✔ Done. 140 responses in 1666.5s (0.08/s)
=== grok_4_20 COMPLETE at 2026-05-21T05:15:25Z ===
